*** Using Compiler 'V5.06 update 7 (build 960)', folder: 'D:\Users\Enjory Wong\AppData\Local\Keil_v5\ARM\ARMCC\Bin'
Rebuild target 'Launch_Task_Test'
assembling startup_stm32f405xx.s...
compiling launch_fire_planner.c...
compiling croutine.c...
compiling event_groups.c...
compiling list.c...
compiling stream_buffer.c...
compiling queue.c...
compiling tasks.c...
compiling timers.c...
compiling heap_4.c...
compiling port.c...
compiling system_stm32f4xx.c...
compiling stm32f4xx_hal_timebase_tim.c...
compiling stm32f4xx_hal.c...
compiling launch_motor_bus.c...
compiling stm32f4xx_hal_can.c...
compiling stm32f4xx_hal_exti.c...
compiling freertos.c...
compiling stm32f4xx_hal_dma_ex.c...
compiling stm32f4xx_hal_tim_ex.c...
compiling stm32f4xx_it.c...
compiling stm32f4xx_hal_uart.c...
compiling stm32f4xx_hal_cortex.c...
compiling stm32f4xx_hal_flash_ramfunc.c...
compiling stm32f4xx_hal_flash_ex.c...
compiling stm32f4xx_hal_msp.c...
compiling stm32f4xx_hal_gpio.c...
compiling stm32f4xx_hal_dma.c...
compiling stm32f4xx_hal_pwr.c...
compiling stm32f4xx_hal_flash.c...
compiling stm32f4xx_hal_pwr_ex.c...
compiling stm32f4xx_hal_rcc_ex.c...
compiling launch_controller.c...
compiling stm32f4xx_hal_rcc.c...
compiling main.c...
compiling stm32f4xx_hal_tim.c...
compiling cmsis_os2.c...
linking...
Program Size: Code=28952 RO-data=1104 RW-data=344 ZI-data=21144  
FromELF: creating hex file...
"Launch_Task_Test\Launch_Task_Test.axf" - 0 Error(s), 0 Warning(s).
Build Time Elapsed:  00:00:08
