Component: ARM Compiler 5.06 update 7 (build 960) Tool: armlink [4d3601]

==============================================================================

Section Cross References

    startup_stm32f405xx.o(STACK) refers (Special) to heapauxi.o(.text) for __use_two_region_memory
    startup_stm32f405xx.o(HEAP) refers (Special) to heapauxi.o(.text) for __use_two_region_memory
    startup_stm32f405xx.o(RESET) refers (Special) to heapauxi.o(.text) for __use_two_region_memory
    startup_stm32f405xx.o(RESET) refers to startup_stm32f405xx.o(STACK) for __initial_sp
    startup_stm32f405xx.o(RESET) refers to startup_stm32f405xx.o(.text) for Reset_Handler
    startup_stm32f405xx.o(RESET) refers to stm32f4xx_it.o(i.NMI_Handler) for NMI_Handler
    startup_stm32f405xx.o(RESET) refers to stm32f4xx_it.o(i.HardFault_Handler) for HardFault_Handler
    startup_stm32f405xx.o(RESET) refers to stm32f4xx_it.o(i.MemManage_Handler) for MemManage_Handler
    startup_stm32f405xx.o(RESET) refers to stm32f4xx_it.o(i.BusFault_Handler) for BusFault_Handler
    startup_stm32f405xx.o(RESET) refers to stm32f4xx_it.o(i.UsageFault_Handler) for UsageFault_Handler
    startup_stm32f405xx.o(RESET) refers to port.o(.emb_text) for SVC_Handler
    startup_stm32f405xx.o(RESET) refers to stm32f4xx_it.o(i.DebugMon_Handler) for DebugMon_Handler
    startup_stm32f405xx.o(RESET) refers to cmsis_os2.o(i.SysTick_Handler) for SysTick_Handler
    startup_stm32f405xx.o(RESET) refers to stm32f4xx_it.o(i.DMA1_Stream2_IRQHandler) for DMA1_Stream2_IRQHandler
    startup_stm32f405xx.o(RESET) refers to stm32f4xx_it.o(i.DMA1_Stream4_IRQHandler) for DMA1_Stream4_IRQHandler
    startup_stm32f405xx.o(RESET) refers to stm32f4xx_it.o(i.CAN1_RX0_IRQHandler) for CAN1_RX0_IRQHandler
    startup_stm32f405xx.o(RESET) refers to stm32f4xx_it.o(i.TIM1_UP_TIM10_IRQHandler) for TIM1_UP_TIM10_IRQHandler
    startup_stm32f405xx.o(RESET) refers to stm32f4xx_it.o(i.CAN2_RX0_IRQHandler) for CAN2_RX0_IRQHandler
    startup_stm32f405xx.o(.text) refers (Special) to heapauxi.o(.text) for __use_two_region_memory
    startup_stm32f405xx.o(.text) refers to system_stm32f4xx.o(i.SystemInit) for SystemInit
    startup_stm32f405xx.o(.text) refers to __main.o(!!!main) for __main
    startup_stm32f405xx.o(.text) refers to startup_stm32f405xx.o(HEAP) for Heap_Mem
    startup_stm32f405xx.o(.text) refers to startup_stm32f405xx.o(STACK) for Stack_Mem
    main.o(i.HAL_TIM_PeriodElapsedCallback) refers to stm32f4xx_hal.o(i.HAL_IncTick) for HAL_IncTick
    main.o(i.MX_CAN1_Init) refers to stm32f4xx_hal_can.o(i.HAL_CAN_Init) for HAL_CAN_Init
    main.o(i.MX_CAN1_Init) refers to main.o(.bss) for .bss
    main.o(i.MX_CAN2_Init) refers to stm32f4xx_hal_can.o(i.HAL_CAN_Init) for HAL_CAN_Init
    main.o(i.MX_CAN2_Init) refers to main.o(.bss) for .bss
    main.o(i.StartDefaultTask) refers to cmsis_os2.o(i.osDelay) for osDelay
    main.o(i.SystemClock_Config) refers to rt_memclr_w.o(.text) for __aeabi_memclr4
    main.o(i.SystemClock_Config) refers to stm32f4xx_hal_rcc.o(i.HAL_RCC_OscConfig) for HAL_RCC_OscConfig
    main.o(i.SystemClock_Config) refers to stm32f4xx_hal_rcc.o(i.HAL_RCC_ClockConfig) for HAL_RCC_ClockConfig
    main.o(i.launch) refers to cmsis_os2.o(i.osDelay) for osDelay
    main.o(i.main) refers to stm32f4xx_hal.o(i.HAL_Init) for HAL_Init
    main.o(i.main) refers to main.o(i.SystemClock_Config) for SystemClock_Config
    main.o(i.main) refers to stm32f4xx_hal_cortex.o(i.HAL_NVIC_SetPriority) for HAL_NVIC_SetPriority
    main.o(i.main) refers to stm32f4xx_hal_cortex.o(i.HAL_NVIC_EnableIRQ) for HAL_NVIC_EnableIRQ
    main.o(i.main) refers to stm32f4xx_hal_uart.o(i.HAL_UART_Init) for HAL_UART_Init
    main.o(i.main) refers to main.o(i.MX_CAN1_Init) for MX_CAN1_Init
    main.o(i.main) refers to main.o(i.MX_CAN2_Init) for MX_CAN2_Init
    main.o(i.main) refers to launch_controller.o(i.LaunchController_Init) for LaunchController_Init
    main.o(i.main) refers to cmsis_os2.o(i.osKernelInitialize) for osKernelInitialize
    main.o(i.main) refers to cmsis_os2.o(i.osMessageQueueNew) for osMessageQueueNew
    main.o(i.main) refers to cmsis_os2.o(i.osThreadNew) for osThreadNew
    main.o(i.main) refers to cmsis_os2.o(i.osKernelStart) for osKernelStart
    main.o(i.main) refers to main.o(.bss) for .bss
    main.o(i.main) refers to main.o(.constdata) for .constdata
    main.o(i.main) refers to main.o(.data) for .data
    main.o(i.main) refers to main.o(i.StartDefaultTask) for StartDefaultTask
    main.o(i.main) refers to launch_controller.o(i.launch) for launch
    main.o(i.main) refers to launch_controller.o(i.vofa) for vofa
    main.o(i.vofa) refers to cmsis_os2.o(i.osDelay) for osDelay
    main.o(.constdata) refers to main.o(.conststring) for .conststring
    stm32f4xx_it.o(i.CAN1_RX0_IRQHandler) refers to stm32f4xx_hal_can.o(i.HAL_CAN_IRQHandler) for HAL_CAN_IRQHandler
    stm32f4xx_it.o(i.CAN1_RX0_IRQHandler) refers to main.o(.bss) for hcan1
[...]
    __scatterload_null                       0x0800019f   Thumb Code     0  __scatter.o(!!!scatter)
    __decompress                             0x080001c5   Thumb Code    90  __dczerorl2.o(!!dczerorl2)
    __decompress1                            0x080001c5   Thumb Code     0  __dczerorl2.o(!!dczerorl2)
    __scatterload_zeroinit                   0x08000221   Thumb Code    28  __scatter_zi.o(!!handler_zi)
    __rt_lib_init                            0x0800023d   Thumb Code     0  libinit.o(.ARM.Collect$$libinit$$00000000)
    __rt_lib_init_fp_1                       0x0800023f   Thumb Code     0  libinit2.o(.ARM.Collect$$libinit$$00000001)
    __rt_lib_init_heap_1                     0x08000243   Thumb Code     0  libinit2.o(.ARM.Collect$$libinit$$0000000A)
    __rt_lib_init_lc_common                  0x08000243   Thumb Code     0  libinit2.o(.ARM.Collect$$libinit$$0000000F)
    __rt_lib_init_preinit_1                  0x08000243   Thumb Code     0  libinit2.o(.ARM.Collect$$libinit$$00000004)
    __rt_lib_init_rand_1                     0x08000243   Thumb Code     0  libinit2.o(.ARM.Collect$$libinit$$0000000E)
    __rt_lib_init_user_alloc_1               0x08000243   Thumb Code     0  libinit2.o(.ARM.Collect$$libinit$$0000000C)
    __rt_lib_init_lc_collate_1               0x08000249   Thumb Code     0  libinit2.o(.ARM.Collect$$libinit$$00000011)
    __rt_lib_init_lc_ctype_2                 0x08000249   Thumb Code     0  libinit2.o(.ARM.Collect$$libinit$$00000012)
    __rt_lib_init_lc_ctype_1                 0x08000255   Thumb Code     0  libinit2.o(.ARM.Collect$$libinit$$00000013)
    __rt_lib_init_lc_monetary_1              0x08000255   Thumb Code     0  libinit2.o(.ARM.Collect$$libinit$$00000015)
    __rt_lib_init_lc_numeric_2               0x08000255   Thumb Code     0  libinit2.o(.ARM.Collect$$libinit$$00000016)
    __rt_lib_init_alloca_1                   0x0800025f   Thumb Code     0  libinit2.o(.ARM.Collect$$libinit$$0000002E)
    __rt_lib_init_argv_1                     0x0800025f   Thumb Code     0  libinit2.o(.ARM.Collect$$libinit$$0000002C)
    __rt_lib_init_atexit_1                   0x0800025f   Thumb Code     0  libinit2.o(.ARM.Collect$$libinit$$0000001B)
    __rt_lib_init_clock_1                    0x0800025f   Thumb Code     0  libinit2.o(.ARM.Collect$$libinit$$00000021)
    __rt_lib_init_cpp_1                      0x0800025f   Thumb Code     0  libinit2.o(.ARM.Collect$$libinit$$00000032)
    __rt_lib_init_exceptions_1               0x0800025f   Thumb Code     0  libinit2.o(.ARM.Collect$$libinit$$00000030)
    __rt_lib_init_fp_trap_1                  0x0800025f   Thumb Code     0  libinit2.o(.ARM.Collect$$libinit$$0000001F)
    __rt_lib_init_getenv_1                   0x0800025f   Thumb Code     0  libinit2.o(.ARM.Collect$$libinit$$00000023)
    __rt_lib_init_lc_numeric_1               0x0800025f   Thumb Code     0  libinit2.o(.ARM.Collect$$libinit$$00000017)
    __rt_lib_init_lc_time_1                  0x0800025f   Thumb Code     0  libinit2.o(.ARM.Collect$$libinit$$00000019)
    __rt_lib_init_return                     0x0800025f   Thumb Code     0  libinit2.o(.ARM.Collect$$libinit$$00000033)
    __rt_lib_init_signal_1                   0x0800025f   Thumb Code     0  libinit2.o(.ARM.Collect$$libinit$$0000001D)
    __rt_lib_init_stdio_1                    0x0800025f   Thumb Code     0  libinit2.o(.ARM.Collect$$libinit$$00000025)
    __rt_lib_shutdown                        0x08000261   Thumb Code     0  libshutdown.o(.ARM.Collect$$libshutdown$$00000000)
    __rt_lib_shutdown_cpp_1                  0x08000263   Thumb Code     0  libshutdown2.o(.ARM.Collect$$libshutdown$$00000004)
    __rt_lib_shutdown_fini_1                 0x08000263   Thumb Code     0  libshutdown2.o(.ARM.Collect$$libshutdown$$00000002)
    __rt_lib_shutdown_fp_trap_1              0x08000263   Thumb Code     0  libshutdown2.o(.ARM.Collect$$libshutdown$$00000009)
    __rt_lib_shutdown_heap_1                 0x08000263   Thumb Code     0  libshutdown2.o(.ARM.Collect$$libshutdown$$00000011)
    __rt_lib_shutdown_return                 0x08000263   Thumb Code     0  libshutdown2.o(.ARM.Collect$$libshutdown$$00000012)
    __rt_lib_shutdown_signal_1               0x08000263   Thumb Code     0  libshutdown2.o(.ARM.Collect$$libshutdown$$0000000C)
    __rt_lib_shutdown_stdio_1                0x08000263   Thumb Code     0  libshutdown2.o(.ARM.Collect$$libshutdown$$00000006)
    __rt_lib_shutdown_user_alloc_1           0x08000263   Thumb Code     0  libshutdown2.o(.ARM.Collect$$libshutdown$$0000000E)
    __rt_entry                               0x08000265   Thumb Code     0  __rtentry.o(.ARM.Collect$$rtentry$$00000000)
    __rt_entry_presh_1                       0x08000265   Thumb Code     0  __rtentry2.o(.ARM.Collect$$rtentry$$00000002)
    __rt_entry_sh                            0x08000265   Thumb Code     0  __rtentry4.o(.ARM.Collect$$rtentry$$00000004)
    __rt_entry_li                            0x0800026b   Thumb Code     0  __rtentry2.o(.ARM.Collect$$rtentry$$0000000A)
    __rt_entry_postsh_1                      0x0800026b   Thumb Code     0  __rtentry2.o(.ARM.Collect$$rtentry$$00000009)
    __rt_entry_main                          0x0800026f   Thumb Code     0  __rtentry2.o(.ARM.Collect$$rtentry$$0000000D)
    __rt_entry_postli_1                      0x0800026f   Thumb Code     0  __rtentry2.o(.ARM.Collect$$rtentry$$0000000C)
    __rt_exit                                0x08000277   Thumb Code     0  rtexit.o(.ARM.Collect$$rtexit$$00000000)
    __rt_exit_ls                             0x08000279   Thumb Code     0  rtexit2.o(.ARM.Collect$$rtexit$$00000003)
    __rt_exit_prels_1                        0x08000279   Thumb Code     0  rtexit2.o(.ARM.Collect$$rtexit$$00000002)
    __rt_exit_exit                           0x0800027d   Thumb Code     0  rtexit2.o(.ARM.Collect$$rtexit$$00000004)
    SVC_Handler                              0x08000285   Thumb Code    28  port.o(.emb_text)
    __asm___6_port_c_39a90d8d__prvStartFirstTask 0x080002a5   Thumb Code    36  port.o(.emb_text)
    __asm___6_port_c_39a90d8d__prvEnableVFP  0x080002cd   Thumb Code    16  port.o(.emb_text)
    PendSV_Handler                           0x080002e1   Thumb Code    88  port.o(.emb_text)
    vPortGetIPSR                             0x0800033d   Thumb Code     6  port.o(.emb_text)
    Reset_Handler                            0x08000345   Thumb Code     8  startup_stm32f405xx.o(.text)
    ADC_IRQHandler                           0x0800035f   Thumb Code     0  startup_stm32f405xx.o(.text)
    CAN1_RX1_IRQHandler                      0x0800035f   Thumb Code     0  startup_stm32f405xx.o(.text)
    CAN1_SCE_IRQHandler                      0x0800035f   Thumb Code     0  startup_stm32f405xx.o(.text)
    CAN1_TX_IRQHandler                       0x0800035f   Thumb Code     0  startup_stm32f405xx.o(.text)
    CAN2_RX1_IRQHandler                      0x0800035f   Thumb Code     0  startup_stm32f405xx.o(.text)
    CAN2_SCE_IRQHandler                      0x0800035f   Thumb Code     0  startup_stm32f405xx.o(.text)
    CAN2_TX_IRQHandler                       0x0800035f   Thumb Code     0  startup_stm32f405xx.o(.text)
    DMA1_Stream0_IRQHandler                  0x0800035f   Thumb Code     0  startup_stm32f405xx.o(.text)
    DMA1_Stream1_IRQHandler                  0x0800035f   Thumb Code     0  startup_stm32f405xx.o(.text)
    DMA1_Stream3_IRQHandler                  0x0800035f   Thumb Code     0  startup_stm32f405xx.o(.text)
    DMA1_Stream5_IRQHandler                  0x0800035f   Thumb Code     0  startup_stm32f405xx.o(.text)
    DMA1_Stream6_IRQHandler                  0x0800035f   Thumb Code     0  startup_stm32f405xx.o(.text)
    DMA1_Stream7_IRQHandler                  0x0800035f   Thumb Code     0  startup_stm32f405xx.o(.text)
    DMA2_Stream0_IRQHandler                  0x0800035f   Thumb Code     0  startup_stm32f405xx.o(.text)
    DMA2_Stream1_IRQHandler                  0x0800035f   Thumb Code     0  startup_stm32f405xx.o(.text)
    DMA2_Stream2_IRQHandler                  0x0800035f   Thumb Code     0  startup_stm32f405xx.o(.text)
    DMA2_Stream3_IRQHandler                  0x0800035f   Thumb Code     0  startup_stm32f405xx.o(.text)
    DMA2_Stream4_IRQHandler                  0x0800035f   Thumb Code     0  startup_stm32f405xx.o(.text)
    DMA2_Stream5_IRQHandler                  0x0800035f   Thumb Code     0  startup_stm32f405xx.o(.text)
    DMA2_Stream6_IRQHandler                  0x0800035f   Thumb Code     0  startup_stm32f405xx.o(.text)
    DMA2_Stream7_IRQHandler                  0x0800035f   Thumb Code     0  startup_stm32f405xx.o(.text)
    EXTI0_IRQHandler                         0x0800035f   Thumb Code     0  startup_stm32f405xx.o(.text)
    EXTI15_10_IRQHandler                     0x0800035f   Thumb Code     0  startup_stm32f405xx.o(.text)
    EXTI1_IRQHandler                         0x0800035f   Thumb Code     0  startup_stm32f405xx.o(.text)
    EXTI2_IRQHandler                         0x0800035f   Thumb Code     0  startup_stm32f405xx.o(.text)
    EXTI3_IRQHandler                         0x0800035f   Thumb Code     0  startup_stm32f405xx.o(.text)
    EXTI4_IRQHandler                         0x0800035f   Thumb Code     0  startup_stm32f405xx.o(.text)
    EXTI9_5_IRQHandler                       0x0800035f   Thumb Code     0  startup_stm32f405xx.o(.text)
    FLASH_IRQHandler                         0x0800035f   Thumb Code     0  startup_stm32f405xx.o(.text)
    FMC_IRQHandler                           0x0800035f   Thumb Code     0  startup_stm32f405xx.o(.text)
    FPU_IRQHandler                           0x0800035f   Thumb Code     0  startup_stm32f405xx.o(.text)
    HASH_RNG_IRQHandler                      0x0800035f   Thumb Code     0  startup_stm32f405xx.o(.text)
    I2C1_ER_IRQHandler                       0x0800035f   Thumb Code     0  startup_stm32f405xx.o(.text)
    I2C1_EV_IRQHandler                       0x0800035f   Thumb Code     0  startup_stm32f405xx.o(.text)
    I2C2_ER_IRQHandler                       0x0800035f   Thumb Code     0  startup_stm32f405xx.o(.text)
    I2C2_EV_IRQHandler                       0x0800035f   Thumb Code     0  startup_stm32f405xx.o(.text)
    I2C3_ER_IRQHandler                       0x0800035f   Thumb Code     0  startup_stm32f405xx.o(.text)
    I2C3_EV_IRQHandler                       0x0800035f   Thumb Code     0  startup_stm32f405xx.o(.text)
    OTG_FS_IRQHandler                        0x0800035f   Thumb Code     0  startup_stm32f405xx.o(.text)
    OTG_FS_WKUP_IRQHandler                   0x0800035f   Thumb Code     0  startup_stm32f405xx.o(.text)
    OTG_HS_EP1_IN_IRQHandler                 0x0800035f   Thumb Code     0  startup_stm32f405xx.o(.text)
    OTG_HS_EP1_OUT_IRQHandler                0x0800035f   Thumb Code     0  startup_stm32f405xx.o(.text)
    OTG_HS_IRQHandler                        0x0800035f   Thumb Code     0  startup_stm32f405xx.o(.text)
    OTG_HS_WKUP_IRQHandler                   0x0800035f   Thumb Code     0  startup_stm32f405xx.o(.text)
    PVD_IRQHandler                           0x0800035f   Thumb Code     0  startup_stm32f405xx.o(.text)
    RCC_IRQHandler                           0x0800035f   Thumb Code     0  startup_stm32f405xx.o(.text)
    RTC_Alarm_IRQHandler                     0x0800035f   Thumb Code     0  startup_stm32f405xx.o(.text)
    RTC_WKUP_IRQHandler                      0x0800035f   Thumb Code     0  startup_stm32f405xx.o(.text)
    SDIO_IRQHandler                          0x0800035f   Thumb Code     0  startup_stm32f405xx.o(.text)
    SPI1_IRQHandler                          0x0800035f   Thumb Code     0  startup_stm32f405xx.o(.text)
    SPI2_IRQHandler                          0x0800035f   Thumb Code     0  startup_stm32f405xx.o(.text)
    SPI3_IRQHandler                          0x0800035f   Thumb Code     0  startup_stm32f405xx.o(.text)
    TAMP_STAMP_IRQHandler                    0x0800035f   Thumb Code     0  startup_stm32f405xx.o(.text)
    TIM1_BRK_TIM9_IRQHandler                 0x0800035f   Thumb Code     0  startup_stm32f405xx.o(.text)
    TIM1_CC_IRQHandler                       0x0800035f   Thumb Code     0  startup_stm32f405xx.o(.text)
    TIM1_TRG_COM_TIM11_IRQHandler            0x0800035f   Thumb Code     0  startup_stm32f405xx.o(.text)
    TIM2_IRQHandler                          0x0800035f   Thumb Code     0  startup_stm32f405xx.o(.text)
    TIM3_IRQHandler                          0x0800035f   Thumb Code     0  startup_stm32f405xx.o(.text)
    TIM4_IRQHandler                          0x0800035f   Thumb Code     0  startup_stm32f405xx.o(.text)
    TIM5_IRQHandler                          0x0800035f   Thumb Code     0  startup_stm32f405xx.o(.text)
    TIM6_DAC_IRQHandler                      0x0800035f   Thumb Code     0  startup_stm32f405xx.o(.text)
    TIM7_IRQHandler                          0x0800035f   Thumb Code     0  startup_stm32f405xx.o(.text)
    TIM8_BRK_TIM12_IRQHandler                0x0800035f   Thumb Code     0  startup_stm32f405xx.o(.text)
    TIM8_CC_IRQHandler                       0x0800035f   Thumb Code     0  startup_stm32f405xx.o(.text)
    TIM8_TRG_COM_TIM14_IRQHandler            0x0800035f   Thumb Code     0  startup_stm32f405xx.o(.text)
    TIM8_UP_TIM13_IRQHandler                 0x0800035f   Thumb Code     0  startup_stm32f405xx.o(.text)
    UART4_IRQHandler                         0x0800035f   Thumb Code     0  startup_stm32f405xx.o(.text)
    UART5_IRQHandler                         0x0800035f   Thumb Code     0  startup_stm32f405xx.o(.text)
    USART1_IRQHandler                        0x0800035f   Thumb Code     0  startup_stm32f405xx.o(.text)
    USART2_IRQHandler                        0x0800035f   Thumb Code     0  startup_stm32f405xx.o(.text)
    USART3_IRQHandler                        0x0800035f   Thumb Code     0  startup_stm32f405xx.o(.text)
    USART6_IRQHandler                        0x0800035f   Thumb Code     0  startup_stm32f405xx.o(.text)
    WWDG_IRQHandler                          0x0800035f   Thumb Code     0  startup_stm32f405xx.o(.text)
    __user_initial_stackheap                 0x08000361   Thumb Code     0  startup_stm32f405xx.o(.text)
    __aeabi_uldivmod                         0x08000385   Thumb Code     0  lludivv7m.o(.text)
    _ll_udiv                                 0x08000385   Thumb Code   238  lludivv7m.o(.text)
    strtoul                                  0x08000473   Thumb Code   114  strtoul.o(.text)
    __aeabi_memcpy                           0x080004e5   Thumb Code     0  rt_memcpy_v6.o(.text)
    __rt_memcpy                              0x080004e5   Thumb Code   138  rt_memcpy_v6.o(.text)
    _memcpy_lastbytes                        0x0800054b   Thumb Code     0  rt_memcpy_v6.o(.text)
    __aeabi_memcpy4                          0x0800056f   Thumb Code     0  rt_memcpy_w.o(.text)
    __aeabi_memcpy8                          0x0800056f   Thumb Code     0  rt_memcpy_w.o(.text)
    __rt_memcpy_w                            0x0800056f   Thumb Code   100  rt_memcpy_w.o(.text)
    _memcpy_lastbytes_aligned                0x080005b7   Thumb Code     0  rt_memcpy_w.o(.text)
    __aeabi_memset                           0x080005d3   Thumb Code    16  aeabi_memset.o(.text)
    __aeabi_memclr                           0x080005e3   Thumb Code     0  rt_memclr.o(.text)
    __rt_memclr                              0x080005e3   Thumb Code    68  rt_memclr.o(.text)
    _memset                                  0x080005e7   Thumb Code     0  rt_memclr.o(.text)
    __aeabi_memclr4                          0x08000627   Thumb Code     0  rt_memclr_w.o(.text)
    __aeabi_memclr8                          0x08000627   Thumb Code     0  rt_memclr_w.o(.text)
    __rt_memclr_w                            0x08000627   Thumb Code    78  rt_memclr_w.o(.text)
    _memset_w                                0x0800062b   Thumb Code     0  rt_memclr_w.o(.text)
    strcmp                                   0x08000675   Thumb Code   128  strcmpv7m.o(.text)
    __use_two_region_memory                  0x080006f5   Thumb Code     2  heapauxi.o(.text)
    __rt_heap_escrow$2region                 0x080006f7   Thumb Code     2  heapauxi.o(.text)
    __rt_heap_expand$2region                 0x080006f9   Thumb Code     2  heapauxi.o(.text)
    __rt_ctype_table                         0x080006fd   Thumb Code    16  rt_ctype_table.o(.text)
    __aeabi_errno_addr                       0x0800070d   Thumb Code     8  rt_errno_addr_intlibspace.o(.text)
    __errno$intlibspace                      0x0800070d   Thumb Code     0  rt_errno_addr_intlibspace.o(.text)
    __rt_errno_addr$intlibspace              0x0800070d   Thumb Code     0  rt_errno_addr_intlibspace.o(.text)
    _strtoul                                 0x08000715   Thumb Code   158  _strtoul.o(.text)
    __strtof_int                             0x080007b3   Thumb Code    26  strtof.o(.text)
    __user_libspace                          0x080007cd   Thumb Code     8  libspace.o(.text)
    __user_perproc_libspace                  0x080007cd   Thumb Code     0  libspace.o(.text)
    __user_perthread_libspace                0x080007cd   Thumb Code     0  libspace.o(.text)
    __rt_locale                              0x080007d5   Thumb Code     8  rt_locale_intlibspace.o(.text)
    _chval                                   0x080007dd   Thumb Code    28  _chval.o(.text)
    __strtod_int                             0x08000835   Thumb Code    90  strtod.o(.text)
    __user_setup_stackheap                   0x0800089d   Thumb Code    74  sys_stackheap_outer.o(.text)
    __read_errno                             0x080008e7   Thumb Code    10  _rserrno.o(.text)
    __set_errno                              0x080008f1   Thumb Code    12  _rserrno.o(.text)
    isspace                                  0x080008fd   Thumb Code    18  isspace.o(.text)
    _sgetc                                   0x0800090f   Thumb Code    30  _sgetc.o(.text)
    _sbackspace                              0x0800092d   Thumb Code    34  _sgetc.o(.text)
    exit                                     0x0800094f   Thumb Code    18  exit.o(.text)
    _scanf_really_real                       0x08000bad   Thumb Code   684  scanf_fp.o(.text)
    _sys_exit                                0x08000e59   Thumb Code     8  sys_exit.o(.text)
    _btod_etento                             0x08000e65   Thumb Code   224  bigflt0.o(.text)
    __I$use$semihosting                      0x08000f49   Thumb Code     0  use_no_semi.o(.text)
    __use_no_semihosting_swi                 0x08000f49   Thumb Code     2  use_no_semi.o(.text)
    __semihosting_library_function           0x08000f4b   Thumb Code     0  indicate_semi.o(.text)
    _scanf_really_hex_real                   0x08000f4d   Thumb Code   786  scanf_hexfp.o(.text)
    _scanf_really_infnan                     0x0800126d   Thumb Code   292  scanf_infnan.o(.text)
    __aeabi_llsl                             0x080013a1   Thumb Code     0  llshl.o(.text)
    _ll_shift_l                              0x080013a1   Thumb Code    38  llshl.o(.text)
    __btod_div_common                        0x080013c7   Thumb Code   696  btod.o(CL$$btod_div_common)
    _e2d                                     0x08001701   Thumb Code   122  btod.o(CL$$btod_e2d)
    _e2e                                     0x08001785   Thumb Code   220  btod.o(CL$$btod_e2e)
    _btod_ediv                               0x08001861   Thumb Code    42  btod.o(CL$$btod_ediv)
    _btod_edivd                              0x0800188b   Thumb Code    42  btod.o(CL$$btod_edivd)
    _btod_emul                               0x080018b5   Thumb Code    42  btod.o(CL$$btod_emul)
    _btod_emuld                              0x080018df   Thumb Code    42  btod.o(CL$$btod_emuld)
    __btod_mult_common                       0x08001909   Thumb Code   580  btod.o(CL$$btod_mult_common)
    BusFault_Handler                         0x08001b4d   Thumb Code     2  stm32f4xx_it.o(i.BusFault_Handler)
    CAN1_RX0_IRQHandler                      0x08001b51   Thumb Code     6  stm32f4xx_it.o(i.CAN1_RX0_IRQHandler)
    CAN2_RX0_IRQHandler                      0x08001b5d   Thumb Code     6  stm32f4xx_it.o(i.CAN2_RX0_IRQHandler)
    DMA1_Stream2_IRQHandler                  0x08001b69   Thumb Code     6  stm32f4xx_it.o(i.DMA1_Stream2_IRQHandler)
    DMA1_Stream4_IRQHandler                  0x08001b75   Thumb Code     6  stm32f4xx_it.o(i.DMA1_Stream4_IRQHandler)
    DebugMon_Handler                         0x08001c25   Thumb Code     2  stm32f4xx_it.o(i.DebugMon_Handler)
    Error_Handler                            0x08001c27   Thumb Code     4  main.o(i.Error_Handler)
    HAL_CAN_ActivateNotification             0x08001c2b   Thumb Code    36  stm32f4xx_hal_can.o(i.HAL_CAN_ActivateNotification)
    HAL_CAN_AddTxMessage                     0x08001c4f   Thumb Code   208  stm32f4xx_hal_can.o(i.HAL_CAN_AddTxMessage)
    HAL_CAN_ConfigFilter                     0x08001d21   Thumb Code   262  stm32f4xx_hal_can.o(i.HAL_CAN_ConfigFilter)
    HAL_CAN_ErrorCallback                    0x08001e2d   Thumb Code     2  stm32f4xx_hal_can.o(i.HAL_CAN_ErrorCallback)
    HAL_CAN_GetRxFifoFillLevel               0x08001e31   Thumb Code    34  stm32f4xx_hal_can.o(i.HAL_CAN_GetRxFifoFillLevel)
    HAL_CAN_GetRxMessage                     0x08001e53   Thumb Code   244  stm32f4xx_hal_can.o(i.HAL_CAN_GetRxMessage)
    HAL_CAN_GetTxMailboxesFreeLevel          0x08001f47   Thumb Code    44  stm32f4xx_hal_can.o(i.HAL_CAN_GetTxMailboxesFreeLevel)
    HAL_CAN_IRQHandler                       0x08001f73   Thumb Code   508  stm32f4xx_hal_can.o(i.HAL_CAN_IRQHandler)
    HAL_CAN_Init                             0x0800216f   Thumb Code   282  stm32f4xx_hal_can.o(i.HAL_CAN_Init)
    HAL_CAN_MspInit                          0x08002289   Thumb Code   194  stm32f4xx_hal_msp.o(i.HAL_CAN_MspInit)
    HAL_CAN_RxFifo0FullCallback              0x08002365   Thumb Code     2  stm32f4xx_hal_can.o(i.HAL_CAN_RxFifo0FullCallback)
    HAL_CAN_RxFifo0MsgPendingCallback        0x08002369   Thumb Code   136  launch_motor_bus.o(i.HAL_CAN_RxFifo0MsgPendingCallback)
    HAL_CAN_RxFifo1FullCallback              0x080023f9   Thumb Code     2  stm32f4xx_hal_can.o(i.HAL_CAN_RxFifo1FullCallback)
    HAL_CAN_RxFifo1MsgPendingCallback        0x080023fb   Thumb Code     2  stm32f4xx_hal_can.o(i.HAL_CAN_RxFifo1MsgPendingCallback)
    HAL_CAN_SleepCallback                    0x080023fd   Thumb Code     2  stm32f4xx_hal_can.o(i.HAL_CAN_SleepCallback)
    HAL_CAN_Start                            0x08002401   Thumb Code    88  stm32f4xx_hal_can.o(i.HAL_CAN_Start)
    HAL_CAN_TxMailbox0AbortCallback          0x08002459   Thumb Code     2  stm32f4xx_hal_can.o(i.HAL_CAN_TxMailbox0AbortCallback)
    HAL_CAN_TxMailbox0CompleteCallback       0x0800245b   Thumb Code     2  stm32f4xx_hal_can.o(i.HAL_CAN_TxMailbox0CompleteCallback)
    HAL_CAN_TxMailbox1AbortCallback          0x0800245d   Thumb Code     2  stm32f4xx_hal_can.o(i.HAL_CAN_TxMailbox1AbortCallback)
    HAL_CAN_TxMailbox1CompleteCallback       0x0800245f   Thumb Code     2  stm32f4xx_hal_can.o(i.HAL_CAN_TxMailbox1CompleteCallback)
    HAL_CAN_TxMailbox2AbortCallback          0x08002461   Thumb Code     2  stm32f4xx_hal_can.o(i.HAL_CAN_TxMailbox2AbortCallback)
    HAL_CAN_TxMailbox2CompleteCallback       0x08002463   Thumb Code     2  stm32f4xx_hal_can.o(i.HAL_CAN_TxMailbox2CompleteCallback)
    HAL_CAN_WakeUpFromRxMsgCallback          0x08002465   Thumb Code     2  stm32f4xx_hal_can.o(i.HAL_CAN_WakeUpFromRxMsgCallback)
    HAL_DMA_Abort                            0x08002467   Thumb Code   146  stm32f4xx_hal_dma.o(i.HAL_DMA_Abort)
    HAL_DMA_GetError                         0x080024f9   Thumb Code     4  stm32f4xx_hal_dma.o(i.HAL_DMA_GetError)
    HAL_DMA_IRQHandler                       0x080024fd   Thumb Code   412  stm32f4xx_hal_dma.o(i.HAL_DMA_IRQHandler)
    HAL_DMA_Init                             0x0800269d   Thumb Code   206  stm32f4xx_hal_dma.o(i.HAL_DMA_Init)
    HAL_DMA_Start_IT                         0x08002771   Thumb Code   110  stm32f4xx_hal_dma.o(i.HAL_DMA_Start_IT)
    HAL_GPIO_Init                            0x080027e1   Thumb Code   450  stm32f4xx_hal_gpio.o(i.HAL_GPIO_Init)
    HAL_GetTick                              0x080029d1   Thumb Code     6  stm32f4xx_hal.o(i.HAL_GetTick)
    HAL_IncTick                              0x080029dd   Thumb Code    12  stm32f4xx_hal.o(i.HAL_IncTick)
    HAL_Init                                 0x080029ed   Thumb Code    48  stm32f4xx_hal.o(i.HAL_Init)
    HAL_InitTick                             0x08002a21   Thumb Code   120  stm32f4xx_hal_timebase_tim.o(i.HAL_InitTick)
    HAL_MspInit                              0x08002aad   Thumb Code    52  stm32f4xx_hal_msp.o(i.HAL_MspInit)
    HAL_NVIC_EnableIRQ                       0x08002ae5   Thumb Code    26  stm32f4xx_hal_cortex.o(i.HAL_NVIC_EnableIRQ)
    HAL_NVIC_SetPriority                     0x08002b01   Thumb Code    60  stm32f4xx_hal_cortex.o(i.HAL_NVIC_SetPriority)
    HAL_NVIC_SetPriorityGrouping             0x08002b41   Thumb Code    26  stm32f4xx_hal_cortex.o(i.HAL_NVIC_SetPriorityGrouping)
    HAL_RCC_ClockConfig                      0x08002b65   Thumb Code   288  stm32f4xx_hal_rcc.o(i.HAL_RCC_ClockConfig)
    HAL_RCC_GetClockConfig                   0x08002c99   Thumb Code    54  stm32f4xx_hal_rcc.o(i.HAL_RCC_GetClockConfig)
    HAL_RCC_GetPCLK1Freq                     0x08002cd9   Thumb Code    20  stm32f4xx_hal_rcc.o(i.HAL_RCC_GetPCLK1Freq)
    HAL_RCC_GetPCLK2Freq                     0x08002cf9   Thumb Code    20  stm32f4xx_hal_rcc.o(i.HAL_RCC_GetPCLK2Freq)
    HAL_RCC_GetSysClockFreq                  0x08002d19   Thumb Code    88  stm32f4xx_hal_rcc.o(i.HAL_RCC_GetSysClockFreq)
    HAL_RCC_OscConfig                        0x08002d7d   Thumb Code   856  stm32f4xx_hal_rcc.o(i.HAL_RCC_OscConfig)
    HAL_TIMEx_BreakCallback                  0x080030e9   Thumb Code     2  stm32f4xx_hal_tim_ex.o(i.HAL_TIMEx_BreakCallback)
    HAL_TIMEx_CommutCallback                 0x080030eb   Thumb Code     2  stm32f4xx_hal_tim_ex.o(i.HAL_TIMEx_CommutCallback)
    HAL_TIM_Base_Init                        0x080030ed   Thumb Code    90  stm32f4xx_hal_tim.o(i.HAL_TIM_Base_Init)
    HAL_TIM_Base_MspInit                     0x08003147   Thumb Code     2  stm32f4xx_hal_tim.o(i.HAL_TIM_Base_MspInit)
    HAL_TIM_Base_Start_IT                    0x08003149   Thumb Code   100  stm32f4xx_hal_tim.o(i.HAL_TIM_Base_Start_IT)
    HAL_TIM_IC_CaptureCallback               0x080031c9   Thumb Code     2  stm32f4xx_hal_tim.o(i.HAL_TIM_IC_CaptureCallback)
    HAL_TIM_IRQHandler                       0x080031cb   Thumb Code   304  stm32f4xx_hal_tim.o(i.HAL_TIM_IRQHandler)
    HAL_TIM_OC_DelayElapsedCallback          0x080032fb   Thumb Code     2  stm32f4xx_hal_tim.o(i.HAL_TIM_OC_DelayElapsedCallback)
    HAL_TIM_PWM_PulseFinishedCallback        0x080032fd   Thumb Code     2  stm32f4xx_hal_tim.o(i.HAL_TIM_PWM_PulseFinishedCallback)
    HAL_TIM_PeriodElapsedCallback            0x08003301   Thumb Code    14  main.o(i.HAL_TIM_PeriodElapsedCallback)
    HAL_TIM_TriggerCallback                  0x08003315   Thumb Code     2  stm32f4xx_hal_tim.o(i.HAL_TIM_TriggerCallback)
    HAL_UARTEx_ReceiveToIdle_DMA             0x08003317   Thumb Code    74  stm32f4xx_hal_uart.o(i.HAL_UARTEx_ReceiveToIdle_DMA)
    HAL_UARTEx_RxEventCallback               0x08003361   Thumb Code     4  launch_controller.o(i.HAL_UARTEx_RxEventCallback)
    HAL_UART_AbortReceive                    0x08003365   Thumb Code   148  stm32f4xx_hal_uart.o(i.HAL_UART_AbortReceive)
    HAL_UART_ErrorCallback                   0x080033f9   Thumb Code     4  launch_controller.o(i.HAL_UART_ErrorCallback)
    HAL_UART_Init                            0x080033fd   Thumb Code   100  stm32f4xx_hal_uart.o(i.HAL_UART_Init)
    HAL_UART_MspInit                         0x08003461   Thumb Code   182  stm32f4xx_hal_msp.o(i.HAL_UART_MspInit)
    HAL_UART_RxCpltCallback                  0x08003531   Thumb Code     2  stm32f4xx_hal_uart.o(i.HAL_UART_RxCpltCallback)
    HAL_UART_RxHalfCpltCallback              0x08003533   Thumb Code     2  stm32f4xx_hal_uart.o(i.HAL_UART_RxHalfCpltCallback)
    HAL_UART_Transmit_DMA                    0x08003535   Thumb Code   120  stm32f4xx_hal_uart.o(i.HAL_UART_Transmit_DMA)
    HAL_UART_TxCpltCallback                  0x080035b9   Thumb Code    14  launch_controller.o(i.HAL_UART_TxCpltCallback)
    HAL_UART_TxHalfCpltCallback              0x080035cd   Thumb Code     2  stm32f4xx_hal_uart.o(i.HAL_UART_TxHalfCpltCallback)
    HardFault_Handler                        0x080035cf   Thumb Code     2  stm32f4xx_it.o(i.HardFault_Handler)
    LaunchController_Init                    0x080035d1   Thumb Code    22  launch_controller.o(i.LaunchController_Init)
    LaunchController_Task                    0x080035ed   Thumb Code   858  launch_controller.o(i.LaunchController_Task)
    LaunchController_UartError               0x08003989   Thumb Code    30  launch_controller.o(i.LaunchController_UartError)
    LaunchController_UartRxEvent             0x080039ad   Thumb Code    78  launch_controller.o(i.LaunchController_UartRxEvent)
    LaunchController_VofaTask                0x08003a09   Thumb Code   168  launch_controller.o(i.LaunchController_VofaTask)
    LaunchFirePlanner_Reset                  0x08003abd   Thumb Code    24  launch_fire_planner.o(i.LaunchFirePlanner_Reset)
    LaunchFirePlanner_TargetSpeedRpm         0x08003ad5   Thumb Code    76  launch_fire_planner.o(i.LaunchFirePlanner_TargetSpeedRpm)
    LaunchFirePlanner_Update                 0x08003b39   Thumb Code    64  launch_fire_planner.o(i.LaunchFirePlanner_Update)
    LaunchMotorBus_Feedback                  0x08003b7d   Thumb Code    30  launch_motor_bus.o(i.LaunchMotorBus_Feedback)
    LaunchMotorBus_Init                      0x08003ba1   Thumb Code   116  launch_motor_bus.o(i.LaunchMotorBus_Init)
    LaunchMotorBus_Service                   0x08003c21   Thumb Code   134  launch_motor_bus.o(i.LaunchMotorBus_Service)
    LaunchMotorBus_SetCommand                0x08003cb1   Thumb Code    30  launch_motor_bus.o(i.LaunchMotorBus_SetCommand)
    MemManage_Handler                        0x08003d5d   Thumb Code     2  stm32f4xx_it.o(i.MemManage_Handler)
    NMI_Handler                              0x08003d5f   Thumb Code     2  stm32f4xx_it.o(i.NMI_Handler)
    StartDefaultTask                         0x08003d61   Thumb Code     8  main.o(i.StartDefaultTask)
    SysTick_Handler                          0x08003d69   Thumb Code    26  cmsis_os2.o(i.SysTick_Handler)
    SystemClock_Config                       0x08003d85   Thumb Code   140  main.o(i.SystemClock_Config)
    SystemInit                               0x08003e19   Thumb Code    12  system_stm32f4xx.o(i.SystemInit)
    TIM1_UP_TIM10_IRQHandler                 0x08003e29   Thumb Code     6  stm32f4xx_it.o(i.TIM1_UP_TIM10_IRQHandler)
    TIM_Base_SetConfig                       0x08003e35   Thumb Code   164  stm32f4xx_hal_tim.o(i.TIM_Base_SetConfig)
    UART_Start_Receive_DMA                   0x080041b5   Thumb Code   146  stm32f4xx_hal_uart.o(i.UART_Start_Receive_DMA)
    UsageFault_Handler                       0x08004255   Thumb Code     2  stm32f4xx_it.o(i.UsageFault_Handler)
    __hardfp___mathlib_tofloat               0x08004279   Thumb Code   232  narrow.o(i.__hardfp___mathlib_tofloat)
    __hardfp_ldexp                           0x08004371   Thumb Code   200  ldexp.o(i.__hardfp_ldexp)
    __hardfp_strtof                          0x08004441   Thumb Code    26  strtof.o(i.__hardfp_strtof)
    __mathlib_dbl_overflow                   0x08004461   Thumb Code    24  dunder.o(i.__mathlib_dbl_overflow)
    __mathlib_dbl_underflow                  0x08004481   Thumb Code    24  dunder.o(i.__mathlib_dbl_underflow)
    __mathlib_narrow                         0x080044a1   Thumb Code    18  narrow.o(i.__mathlib_narrow)
    __support_ldexp                          0x080044b3   Thumb Code    20  ldexp.o(i.__support_ldexp)
    _is_digit                                0x080044c7   Thumb Code    14  scanf_fp.o(i._is_digit)
    frexp                                    0x08004559   Thumb Code   118  frexp.o(i.frexp)
    launch                                   0x080045e5   Thumb Code     4  launch_controller.o(i.launch)
    main                                     0x080045e9   Thumb Code   266  main.o(i.main)
    osDelay                                  0x08004779   Thumb Code    26  cmsis_os2.o(i.osDelay)
    osKernelInitialize                       0x08004795   Thumb Code    32  cmsis_os2.o(i.osKernelInitialize)
    osKernelStart                            0x080047b9   Thumb Code    48  cmsis_os2.o(i.osKernelStart)
    osMessageQueueGet                        0x080047f1   Thumb Code    96  cmsis_os2.o(i.osMessageQueueGet)
    osMessageQueueNew                        0x08004855   Thumb Code    88  cmsis_os2.o(i.osMessageQueueNew)
    osMessageQueuePut                        0x080048ad   Thumb Code   100  cmsis_os2.o(i.osMessageQueuePut)
    osThreadNew                              0x08004915   Thumb Code   138  cmsis_os2.o(i.osThreadNew)
    pvPortMalloc                             0x080053a1   Thumb Code   216  heap_4.o(i.pvPortMalloc)
    pxPortInitialiseStack                    0x0800547d   Thumb Code    40  port.o(i.pxPortInitialiseStack)
    uxListRemove                             0x08005521   Thumb Code    38  list.o(i.uxListRemove)
    vApplicationGetIdleTaskMemory            0x08005549   Thumb Code    16  cmsis_os2.o(i.vApplicationGetIdleTaskMemory)
    vApplicationGetTimerTaskMemory           0x0800555d   Thumb Code    18  cmsis_os2.o(i.vApplicationGetTimerTaskMemory)
    vListInitialise                          0x08005575   Thumb Code    22  list.o(i.vListInitialise)
    vListInitialiseItem                      0x0800558b   Thumb Code     6  list.o(i.vListInitialiseItem)
    vListInsert                              0x08005591   Thumb Code    48  list.o(i.vListInsert)
    vListInsertEnd                           0x080055c1   Thumb Code    24  list.o(i.vListInsertEnd)
    vPortEnterCritical                       0x080055d9   Thumb Code    54  port.o(i.vPortEnterCritical)
    vPortExitCritical                        0x08005619   Thumb Code    34  port.o(i.vPortExitCritical)
    vPortFree                                0x08005641   Thumb Code    94  heap_4.o(i.vPortFree)
    vPortSetupTimerInterrupt                 0x080056a5   Thumb Code    32  port.o(i.vPortSetupTimerInterrupt)
    vPortValidateInterruptPriority           0x080056c9   Thumb Code    74  port.o(i.vPortValidateInterruptPriority)
    vQueueAddToRegistry                      0x0800571d   Thumb Code    34  queue.o(i.vQueueAddToRegistry)
    vQueueWaitForMessageRestricted           0x08005745   Thumb Code    68  queue.o(i.vQueueWaitForMessageRestricted)
    vTaskDelay                               0x08005789   Thumb Code    66  tasks.o(i.vTaskDelay)
    vTaskInternalSetTimeOutState             0x080057d5   Thumb Code    12  tasks.o(i.vTaskInternalSetTimeOutState)
    vTaskMissedYield                         0x080057e5   Thumb Code     8  tasks.o(i.vTaskMissedYield)
    vTaskPlaceOnEventList                    0x080057f1   Thumb Code    44  tasks.o(i.vTaskPlaceOnEventList)
    vTaskPlaceOnEventListRestricted          0x08005821   Thumb Code    52  tasks.o(i.vTaskPlaceOnEventListRestricted)
    vTaskStartScheduler                      0x08005859   Thumb Code   118  tasks.o(i.vTaskStartScheduler)
    vTaskSuspendAll                          0x080058e1   Thumb Code    10  tasks.o(i.vTaskSuspendAll)
    vTaskSwitchContext                       0x080058f1   Thumb Code    90  tasks.o(i.vTaskSwitchContext)
    vofa                                     0x08005955   Thumb Code     4  launch_controller.o(i.vofa)
    xPortStartScheduler                      0x08005959   Thumb Code   222  port.o(i.xPortStartScheduler)
    xPortSysTickHandler                      0x08005a4d   Thumb Code    38  port.o(i.xPortSysTickHandler)
    xQueueGenericCreate                      0x08005a79   Thumb Code    66  queue.o(i.xQueueGenericCreate)
    xQueueGenericCreateStatic                0x08005abb   Thumb Code   102  queue.o(i.xQueueGenericCreateStatic)
    xQueueGenericReset                       0x08005b21   Thumb Code   132  queue.o(i.xQueueGenericReset)
    xQueueGenericSend                        0x08005ba9   Thumb Code   346  queue.o(i.xQueueGenericSend)
    xQueueGenericSendFromISR                 0x08005d09   Thumb Code   190  queue.o(i.xQueueGenericSendFromISR)
    xQueueReceive                            0x08005dc9   Thumb Code   308  queue.o(i.xQueueReceive)
    xQueueReceiveFromISR                     0x08005f01   Thumb Code   154  queue.o(i.xQueueReceiveFromISR)
    xTaskCheckForTimeOut                     0x08005f9d   Thumb Code   112  tasks.o(i.xTaskCheckForTimeOut)
    xTaskCreate                              0x08006011   Thumb Code    90  tasks.o(i.xTaskCreate)
    xTaskCreateStatic                        0x0800606b   Thumb Code    86  tasks.o(i.xTaskCreateStatic)
    xTaskGetSchedulerState                   0x080060c1   Thumb Code    22  tasks.o(i.xTaskGetSchedulerState)
    xTaskGetTickCount                        0x080060dd   Thumb Code     6  tasks.o(i.xTaskGetTickCount)
    xTaskIncrementTick                       0x080060e9   Thumb Code   192  tasks.o(i.xTaskIncrementTick)
    xTaskPriorityDisinherit                  0x080061b1   Thumb Code   118  tasks.o(i.xTaskPriorityDisinherit)
    xTaskRemoveFromEventList                 0x08006231   Thumb Code    98  tasks.o(i.xTaskRemoveFromEventList)
    xTaskResumeAll                           0x080062a1   Thumb Code   182  tasks.o(i.xTaskResumeAll)
    xTimerCreateTimerTask                    0x08006365   Thumb Code    78  timers.o(i.xTimerCreateTimerTask)
    xTimerGenericCommand                     0x080063c5   Thumb Code    98  timers.o(i.xTimerGenericCommand)
    _get_lc_ctype                            0x0800642d   Thumb Code    44  lc_ctype_c.o(locale$$code)
    _get_lc_numeric                          0x08006459   Thumb Code    44  lc_numeric_c.o(locale$$code)
    __aeabi_d2f                              0x08006485   Thumb Code     0  d2f.o(x$fpl$d2f)
    _d2f                                     0x08006485   Thumb Code    98  d2f.o(x$fpl$d2f)
    __fpl_dcheck_NaN1                        0x080064e9   Thumb Code    10  dcheck1.o(x$fpl$dcheck1)
    __fpl_dcmp_Inf                           0x080064f9   Thumb Code    24  dcmpi.o(x$fpl$dcmpinf)
    __aeabi_cdcmpeq                          0x08006511   Thumb Code     0  deqf.o(x$fpl$deqf)
    _dcmpeq                                  0x08006511   Thumb Code   120  deqf.o(x$fpl$deqf)
    __aeabi_cdcmple                          0x08006589   Thumb Code     0  dleqf.o(x$fpl$dleqf)
    _dcmple                                  0x08006589   Thumb Code   120  dleqf.o(x$fpl$dleqf)
    __fpl_dcmple_InfNaN                      0x080065eb   Thumb Code     0  dleqf.o(x$fpl$dleqf)
    __aeabi_dmul                             0x08006601   Thumb Code     0  dmul.o(x$fpl$dmul)
    _dmul                                    0x08006601   Thumb Code   332  dmul.o(x$fpl$dmul)
    __fpl_dnaninf                            0x08006755   Thumb Code   156  dnaninf.o(x$fpl$dnaninf)
    __fpl_dretinf                            0x080067f1   Thumb Code    12  dretinf.o(x$fpl$dretinf)
    __aeabi_cdrcmple                         0x080067fd   Thumb Code     0  drleqf.o(x$fpl$drleqf)
    _drcmple                                 0x080067fd   Thumb Code   108  drleqf.o(x$fpl$drleqf)
    _fp_init                                 0x08006869   Thumb Code    10  fpinit.o(x$fpl$fpinit)
    __fplib_config_fpu_vfp                   0x08006871   Thumb Code     0  fpinit.o(x$fpl$fpinit)
    __fplib_config_pureend_doubles           0x08006871   Thumb Code     0  fpinit.o(x$fpl$fpinit)
    __fpl_fretinf                            0x08006873   Thumb Code    10  fretinf.o(x$fpl$fretinf)
    __ieee_status                            0x0800687d   Thumb Code     6  istatus.o(x$fpl$ieeestatus)
    __fpl_return_NaN                         0x08006883   Thumb Code   100  retnan.o(x$fpl$retnan)
    __ARM_scalbn                             0x080068e7   Thumb Code    92  scalbn.o(x$fpl$scalbn)
    _scanf_real                              0x08006943   Thumb Code     4  scanf1.o(x$fpl$scanf1)
    _scanf_hex_real                          0x08006947   Thumb Code     4  scanf2.o(x$fpl$scanf2)
    _scanf_infnan                            0x0800694b   Thumb Code     4  scanf2.o(x$fpl$scanf2)
    __fpl_cmpreturn                          0x0800694f   Thumb Code    48  trapv.o(x$fpl$trapveneer)
    __I$use$fp                               0x0800697e   Number         0  usenofp.o(x$fpl$usenofp)
    defaultTask_attributes                   0x08006980   Data          36  main.o(.constdata)
    launch_task_attributes                   0x080069a4   Data          36  main.o(.constdata)
    vofa_print_attributes                    0x080069c8   Data          36  main.o(.constdata)
    transport_attributes                     0x080069ec   Data          24  main.o(.constdata)
    AHBPrescTable                            0x08006a10   Data          16  system_stm32f4xx.o(.constdata)
    APBPrescTable                            0x08006a20   Data           8  system_stm32f4xx.o(.constdata)
    Region$$Table$$Base                      0x08006aec   Number         0  anon$$obj.o(Region$$Table)
    Region$$Table$$Limit                     0x08006b0c   Number         0  anon$$obj.o(Region$$Table)
    __aeabi_HUGE_VAL                         0x08006b0c   Data           0  fpconst.o(c$$dinf)
    __aeabi_HUGE_VALL                        0x08006b0c   Data           0  fpconst.o(c$$dinf)
    __aeabi_INFINITY                         0x08006b0c   Data           0  fpconst.o(c$$dinf)
    __dInf                                   0x08006b0c   Data           0  fpconst.o(c$$dinf)
    __huge_val                               0x08006b0c   Data           0  fpconst.o(c$$dinf)
    __dbl_max                                0x08006b14   Data           0  fpconst.o(c$$dmax)
    __ctype                                  0x08006b29   Data           0  lc_ctype_c.o(locale$$data)
    defaultTaskHandle                        0x20000000   Data           4  main.o(.data)
    launch_taskHandle                        0x20000004   Data           4  main.o(.data)
    vofa_printHandle                         0x20000008   Data           4  main.o(.data)
    transportHandle                          0x2000000c   Data           4  main.o(.data)
    uwTickFreq                               0x200000a8   Data           1  stm32f4xx_hal.o(.data)
    uwTickPrio                               0x200000ac   Data           4  stm32f4xx_hal.o(.data)
    uwTick                                   0x200000b0   Data           4  stm32f4xx_hal.o(.data)
    SystemCoreClock                          0x200000b4   Data           4  system_stm32f4xx.o(.data)
    pxCurrentTCB                             0x200000b8   Data           4  tasks.o(.data)
    hcan1                                    0x20000138   Data          40  main.o(.bss)
    hcan2                                    0x20000160   Data          40  main.o(.bss)
    huart4                                   0x20000188   Data          72  main.o(.bss)
    hdma_uart4_rx                            0x200001d0   Data          96  main.o(.bss)
    hdma_uart4_tx                            0x20000230   Data          96  main.o(.bss)
    htim1                                    0x20000290   Data          72  stm32f4xx_hal_timebase_tim.o(.bss)
    xQueueRegistry                           0x20000498   Data          64  queue.o(.bss)
    __libspace_start                         0x20004d6c   Data          96  libspace.o(.bss)
    __temporary_stack_top$libspace           0x20004dcc   Data           0  libspace.o(.bss)



==============================================================================

Memory Map of the image

  Image Entry point : 0x08000189

  Load Region LR_IROM1 (Base: 0x08000000, Size: 0x00006d80, Max: 0x00100000, ABSOLUTE, COMPRESSED[0x00006c74])

    Execution Region ER_IROM1 (Exec base: 0x08000000, Load base: 0x08000000, Size: 0x00006c48, Max: 0x00100000, ABSOLUTE)

    Exec Addr    Load Addr    Size         Type   Attr      Idx    E Section Name        Object

    0x08000000   0x08000000   0x00000188   Data   RO            3    RESET               startup_stm32f405xx.o
    0x08000188   0x08000188   0x00000008   Code   RO         5188  * !!!main             c_w.l(__main.o)
    0x08000190   0x08000190   0x00000034   Code   RO         5528    !!!scatter          c_w.l(__scatter.o)
    0x080001c4   0x080001c4   0x0000005a   Code   RO         5526    !!dczerorl2         c_w.l(__dczerorl2.o)
    0x0800021e   0x0800021e   0x00000002   PAD
    0x08000220   0x08000220   0x0000001c   Code   RO         5530    !!handler_zi        c_w.l(__scatter_zi.o)
    0x0800023c   0x0800023c   0x00000002   Code   RO         5275    .ARM.Collect$$libinit$$00000000  c_w.l(libinit.o)
    0x0800023e   0x0800023e   0x00000004   Code   RO         5276    .ARM.Collect$$libinit$$00000001  c_w.l(libinit2.o)
    0x08000242   0x08000242   0x00000000   Code   RO         5279    .ARM.Collect$$libinit$$00000004  c_w.l(libinit2.o)
    0x08000242   0x08000242   0x00000000   Code   RO         5282    .ARM.Collect$$libinit$$0000000A  c_w.l(libinit2.o)
    0x08000242   0x08000242   0x00000000   Code   RO         5284    .ARM.Collect$$libinit$$0000000C  c_w.l(libinit2.o)
    0x08000242   0x08000242   0x00000000   Code   RO         5286    .ARM.Collect$$libinit$$0000000E  c_w.l(libinit2.o)
    0x08000242   0x08000242   0x00000006   Code   RO         5287    .ARM.Collect$$libinit$$0000000F  c_w.l(libinit2.o)
    0x08000248   0x08000248   0x00000000   Code   RO         5289    .ARM.Collect$$libinit$$00000011  c_w.l(libinit2.o)
    0x08000248   0x08000248   0x0000000c   Code   RO         5290    .ARM.Collect$$libinit$$00000012  c_w.l(libinit2.o)
    0x08000254   0x08000254   0x00000000   Code   RO         5291    .ARM.Collect$$libinit$$00000013  c_w.l(libinit2.o)
    0x08000254   0x08000254   0x00000000   Code   RO         5293    .ARM.Collect$$libinit$$00000015  c_w.l(libinit2.o)
    0x08000254   0x08000254   0x0000000a   Code   RO         5294    .ARM.Collect$$libinit$$00000016  c_w.l(libinit2.o)
    0x0800025e   0x0800025e   0x00000000   Code   RO         5295    .ARM.Collect$$libinit$$00000017  c_w.l(libinit2.o)
    0x0800025e   0x0800025e   0x00000000   Code   RO         5297    .ARM.Collect$$libinit$$00000019  c_w.l(libinit2.o)
    0x0800025e   0x0800025e   0x00000000   Code   RO         5299    .ARM.Collect$$libinit$$0000001B  c_w.l(libinit2.o)
    0x0800025e   0x0800025e   0x00000000   Code   RO         5301    .ARM.Collect$$libinit$$0000001D  c_w.l(libinit2.o)
    0x0800025e   0x0800025e   0x00000000   Code   RO         5303    .ARM.Collect$$libinit$$0000001F  c_w.l(libinit2.o)
    0x0800025e   0x0800025e   0x00000000   Code   RO         5305    .ARM.Collect$$libinit$$00000021  c_w.l(libinit2.o)
    0x0800025e   0x0800025e   0x00000000   Code   RO         5307    .ARM.Collect$$libinit$$00000023  c_w.l(libinit2.o)
    0x0800025e   0x0800025e   0x00000000   Code   RO         5309    .ARM.Collect$$libinit$$00000025  c_w.l(libinit2.o)
    0x0800025e   0x0800025e   0x00000000   Code   RO         5313    .ARM.Collect$$libinit$$0000002C  c_w.l(libinit2.o)
    0x0800025e   0x0800025e   0x00000000   Code   RO         5315    .ARM.Collect$$libinit$$0000002E  c_w.l(libinit2.o)
    0x0800025e   0x0800025e   0x00000000   Code   RO         5317    .ARM.Collect$$libinit$$00000030  c_w.l(libinit2.o)
    0x0800025e   0x0800025e   0x00000000   Code   RO         5319    .ARM.Collect$$libinit$$00000032  c_w.l(libinit2.o)
    0x0800025e   0x0800025e   0x00000002   Code   RO         5320    .ARM.Collect$$libinit$$00000033  c_w.l(libinit2.o)
    0x08000260   0x08000260   0x00000002   Code   RO         5438    .ARM.Collect$$libshutdown$$00000000  c_w.l(libshutdown.o)
    0x08000262   0x08000262   0x00000000   Code   RO         5458    .ARM.Collect$$libshutdown$$00000002  c_w.l(libshutdown2.o)
    0x08000262   0x08000262   0x00000000   Code   RO         5460    .ARM.Collect$$libshutdown$$00000004  c_w.l(libshutdown2.o)
    0x08000262   0x08000262   0x00000000   Code   RO         5462    .ARM.Collect$$libshutdown$$00000006  c_w.l(libshutdown2.o)
    0x08000262   0x08000262   0x00000000   Code   RO         5465    .ARM.Collect$$libshutdown$$00000009  c_w.l(libshutdown2.o)
    0x08000262   0x08000262   0x00000000   Code   RO         5468    .ARM.Collect$$libshutdown$$0000000C  c_w.l(libshutdown2.o)
    0x08000262   0x08000262   0x00000000   Code   RO         5470    .ARM.Collect$$libshutdown$$0000000E  c_w.l(libshutdown2.o)
    0x08000262   0x08000262   0x00000000   Code   RO         5473    .ARM.Collect$$libshutdown$$00000011  c_w.l(libshutdown2.o)
    0x08000262   0x08000262   0x00000002   Code   RO         5474    .ARM.Collect$$libshutdown$$00000012  c_w.l(libshutdown2.o)
    0x08000264   0x08000264   0x00000000   Code   RO         5196    .ARM.Collect$$rtentry$$00000000  c_w.l(__rtentry.o)
    0x08000264   0x08000264   0x00000000   Code   RO         5217    .ARM.Collect$$rtentry$$00000002  c_w.l(__rtentry2.o)
    0x08000264   0x08000264   0x00000006   Code   RO         5229    .ARM.Collect$$rtentry$$00000004  c_w.l(__rtentry4.o)
    0x0800026a   0x0800026a   0x00000000   Code   RO         5219    .ARM.Collect$$rtentry$$00000009  c_w.l(__rtentry2.o)
    0x0800026a   0x0800026a   0x00000004   Code   RO         5220    .ARM.Collect$$rtentry$$0000000A  c_w.l(__rtentry2.o)
    0x0800026e   0x0800026e   0x00000000   Code   RO         5222    .ARM.Collect$$rtentry$$0000000C  c_w.l(__rtentry2.o)
    0x0800026e   0x0800026e   0x00000008   Code   RO         5223    .ARM.Collect$$rtentry$$0000000D  c_w.l(__rtentry2.o)
    0x08000276   0x08000276   0x00000002   Code   RO         5337    .ARM.Collect$$rtexit$$00000000  c_w.l(rtexit.o)
    0x08000278   0x08000278   0x00000000   Code   RO         5366    .ARM.Collect$$rtexit$$00000002  c_w.l(rtexit2.o)
    0x08000278   0x08000278   0x00000004   Code   RO         5367    .ARM.Collect$$rtexit$$00000003  c_w.l(rtexit2.o)
    0x0800027c   0x0800027c   0x00000006   Code   RO         5368    .ARM.Collect$$rtexit$$00000004  c_w.l(rtexit2.o)
    0x08000282   0x08000282   0x00000002   PAD
    0x08000284   0x08000284   0x000000be   Code   RO         5089    .emb_text           port.o
    0x08000342   0x08000342   0x00000002   PAD
    0x08000344   0x08000344   0x00000040   Code   RO            4    .text               startup_stm32f405xx.o
    0x08000384   0x08000384   0x000000ee   Code   RO         5168    .text               c_w.l(lludivv7m.o)
    0x08000472   0x08000472   0x00000072   Code   RO         5170    .text               c_w.l(strtoul.o)
    0x080004e4   0x080004e4   0x0000008a   Code   RO         5172    .text               c_w.l(rt_memcpy_v6.o)
    0x0800056e   0x0800056e   0x00000064   Code   RO         5174    .text               c_w.l(rt_memcpy_w.o)
    0x080005d2   0x080005d2   0x00000010   Code   RO         5178    .text               c_w.l(aeabi_memset.o)
    0x080005e2   0x080005e2   0x00000044   Code   RO         5180    .text               c_w.l(rt_memclr.o)
    0x08000626   0x08000626   0x0000004e   Code   RO         5182    .text               c_w.l(rt_memclr_w.o)
    0x08000674   0x08000674   0x00000080   Code   RO         5184    .text               c_w.l(strcmpv7m.o)
    0x080006f4   0x080006f4   0x00000006   Code   RO         5186    .text               c_w.l(heapauxi.o)
    0x080006fa   0x080006fa   0x00000002   PAD
    0x080006fc   0x080006fc   0x00000010   Code   RO         5197    .text               c_w.l(rt_ctype_table.o)
    0x0800070c   0x0800070c   0x00000008   Code   RO         5206    .text               c_w.l(rt_errno_addr_intlibspace.o)
    0x08000714   0x08000714   0x0000009e   Code   RO         5208    .text               c_w.l(_strtoul.o)
    0x080007b2   0x080007b2   0x0000001a   Code   RO         5210    .text               c_w.l(strtof.o)
    0x080007cc   0x080007cc   0x00000008   Code   RO         5213    .text               c_w.l(libspace.o)
    0x080007d4   0x080007d4   0x00000008   Code   RO         5236    .text               c_w.l(rt_locale_intlibspace.o)
    0x080007dc   0x080007dc   0x0000001c   Code   RO         5238    .text               c_w.l(_chval.o)
    0x080007f8   0x080007f8   0x000000a4   Code   RO         5240    .text               c_w.l(strtod.o)
    0x0800089c   0x0800089c   0x0000004a   Code   RO         5253    .text               c_w.l(sys_stackheap_outer.o)
    0x080008e6   0x080008e6   0x00000016   Code   RO         5255    .text               c_w.l(_rserrno.o)
    0x080008fc   0x080008fc   0x00000012   Code   RO         5257    .text               c_w.l(isspace.o)
    0x0800090e   0x0800090e   0x00000040   Code   RO         5259    .text               c_w.l(_sgetc.o)
    0x0800094e   0x0800094e   0x00000012   Code   RO         5264    .text               c_w.l(exit.o)
    0x08000960   0x08000960   0x000004f8   Code   RO         5341    .text               c_w.l(scanf_fp.o)
    0x08000e58   0x08000e58   0x0000000c   Code   RO         5363    .text               c_w.l(sys_exit.o)
    0x08000e64   0x08000e64   0x000000e4   Code   RO         5372    .text               c_w.l(bigflt0.o)
    0x08000f48   0x08000f48   0x00000002   Code   RO         5421    .text               c_w.l(use_no_semi.o)
    0x08000f4a   0x08000f4a   0x00000000   Code   RO         5423    .text               c_w.l(indicate_semi.o)
    0x08000f4a   0x08000f4a   0x00000002   PAD
    0x08000f4c   0x08000f4c   0x00000320   Code   RO         5426    .text               c_w.l(scanf_hexfp.o)
    0x0800126c   0x0800126c   0x00000134   Code   RO         5428    .text               c_w.l(scanf_infnan.o)
    0x080013a0   0x080013a0   0x00000026   Code   RO         5439    .text               c_w.l(llshl.o)
    0x080013c6   0x080013c6   0x00000338   Code   RO         5385    CL$$btod_div_common  c_w.l(btod.o)
    0x080016fe   0x080016fe   0x00000002   PAD
    0x08001700   0x08001700   0x00000084   Code   RO         5383    CL$$btod_e2d        c_w.l(btod.o)
    0x08001784   0x08001784   0x000000dc   Code   RO         5382    CL$$btod_e2e        c_w.l(btod.o)
    0x08001860   0x08001860   0x0000002a   Code   RO         5379    CL$$btod_ediv       c_w.l(btod.o)
    0x0800188a   0x0800188a   0x0000002a   Code   RO         5381    CL$$btod_edivd      c_w.l(btod.o)
    0x080018b4   0x080018b4   0x0000002a   Code   RO         5378    CL$$btod_emul       c_w.l(btod.o)
    0x080018de   0x080018de   0x0000002a   Code   RO         5380    CL$$btod_emuld      c_w.l(btod.o)
    0x08001908   0x08001908   0x00000244   Code   RO         5384    CL$$btod_mult_common  c_w.l(btod.o)
    0x08001b4c   0x08001b4c   0x00000002   Code   RO          253    i.BusFault_Handler  stm32f4xx_it.o
    0x08001b4e   0x08001b4e   0x00000002   PAD
    0x08001b50   0x08001b50   0x0000000c   Code   RO          254    i.CAN1_RX0_IRQHandler  stm32f4xx_it.o
    0x08001b5c   0x08001b5c   0x0000000c   Code   RO          255    i.CAN2_RX0_IRQHandler  stm32f4xx_it.o
    0x08001b68   0x08001b68   0x0000000c   Code   RO          256    i.DMA1_Stream2_IRQHandler  stm32f4xx_it.o
    0x08001b74   0x08001b74   0x0000000c   Code   RO          257    i.DMA1_Stream4_IRQHandler  stm32f4xx_it.o
    0x08001b80   0x08001b80   0x00000028   Code   RO         2319    i.DMA_CalcBaseAndBitshift  stm32f4xx_hal_dma.o
    0x08001ba8   0x08001ba8   0x00000054   Code   RO         2320    i.DMA_CheckFifoParam  stm32f4xx_hal_dma.o
    0x08001bfc   0x08001bfc   0x00000028   Code   RO         2321    i.DMA_SetConfig     stm32f4xx_hal_dma.o
    0x08001c24   0x08001c24   0x00000002   Code   RO          258    i.DebugMon_Handler  stm32f4xx_it.o
    0x08001c26   0x08001c26   0x00000004   Code   RO           13    i.Error_Handler     main.o
    0x08001c2a   0x08001c2a   0x00000024   Code   RO         1627    i.HAL_CAN_ActivateNotification  stm32f4xx_hal_can.o
    0x08001c4e   0x08001c4e   0x000000d0   Code   RO         1628    i.HAL_CAN_AddTxMessage  stm32f4xx_hal_can.o
    0x08001d1e   0x08001d1e   0x00000002   PAD
    0x08001d20   0x08001d20   0x0000010c   Code   RO         1629    i.HAL_CAN_ConfigFilter  stm32f4xx_hal_can.o
    0x08001e2c   0x08001e2c   0x00000002   Code   RO         1632    i.HAL_CAN_ErrorCallback  stm32f4xx_hal_can.o
    0x08001e2e   0x08001e2e   0x00000002   PAD
    0x08001e30   0x08001e30   0x00000022   Code   RO         1634    i.HAL_CAN_GetRxFifoFillLevel  stm32f4xx_hal_can.o
    0x08001e52   0x08001e52   0x000000f4   Code   RO         1635    i.HAL_CAN_GetRxMessage  stm32f4xx_hal_can.o
    0x08001f46   0x08001f46   0x0000002c   Code   RO         1637    i.HAL_CAN_GetTxMailboxesFreeLevel  stm32f4xx_hal_can.o
    0x08001f72   0x08001f72   0x000001fc   Code   RO         1639    i.HAL_CAN_IRQHandler  stm32f4xx_hal_can.o
    0x0800216e   0x0800216e   0x0000011a   Code   RO         1640    i.HAL_CAN_Init      stm32f4xx_hal_can.o
    0x08002288   0x08002288   0x000000dc   Code   RO          342    i.HAL_CAN_MspInit   stm32f4xx_hal_msp.o
    0x08002364   0x08002364   0x00000002   Code   RO         1647    i.HAL_CAN_RxFifo0FullCallback  stm32f4xx_hal_can.o
    0x08002366   0x08002366   0x00000002   PAD
    0x08002368   0x08002368   0x00000090   Code   RO          597    i.HAL_CAN_RxFifo0MsgPendingCallback  launch_motor_bus.o
    0x080023f8   0x080023f8   0x00000002   Code   RO         1649    i.HAL_CAN_RxFifo1FullCallback  stm32f4xx_hal_can.o
    0x080023fa   0x080023fa   0x00000002   Code   RO         1650    i.HAL_CAN_RxFifo1MsgPendingCallback  stm32f4xx_hal_can.o
    0x080023fc   0x080023fc   0x00000002   Code   RO         1651    i.HAL_CAN_SleepCallback  stm32f4xx_hal_can.o
    0x080023fe   0x080023fe   0x00000002   PAD
    0x08002400   0x08002400   0x00000058   Code   RO         1652    i.HAL_CAN_Start     stm32f4xx_hal_can.o
    0x08002458   0x08002458   0x00000002   Code   RO         1654    i.HAL_CAN_TxMailbox0AbortCallback  stm32f4xx_hal_can.o
    0x0800245a   0x0800245a   0x00000002   Code   RO         1655    i.HAL_CAN_TxMailbox0CompleteCallback  stm32f4xx_hal_can.o
    0x0800245c   0x0800245c   0x00000002   Code   RO         1656    i.HAL_CAN_TxMailbox1AbortCallback  stm32f4xx_hal_can.o
    0x0800245e   0x0800245e   0x00000002   Code   RO         1657    i.HAL_CAN_TxMailbox1CompleteCallback  stm32f4xx_hal_can.o
    0x08002460   0x08002460   0x00000002   Code   RO         1658    i.HAL_CAN_TxMailbox2AbortCallback  stm32f4xx_hal_can.o
    0x08002462   0x08002462   0x00000002   Code   RO         1659    i.HAL_CAN_TxMailbox2CompleteCallback  stm32f4xx_hal_can.o
    0x08002464   0x08002464   0x00000002   Code   RO         1661    i.HAL_CAN_WakeUpFromRxMsgCallback  stm32f4xx_hal_can.o
    0x08002466   0x08002466   0x00000092   Code   RO         2322    i.HAL_DMA_Abort     stm32f4xx_hal_dma.o
    0x080024f8   0x080024f8   0x00000004   Code   RO         2325    i.HAL_DMA_GetError  stm32f4xx_hal_dma.o
    0x080024fc   0x080024fc   0x000001a0   Code   RO         2327    i.HAL_DMA_IRQHandler  stm32f4xx_hal_dma.o
    0x0800269c   0x0800269c   0x000000d4   Code   RO         2328    i.HAL_DMA_Init      stm32f4xx_hal_dma.o
    0x08002770   0x08002770   0x0000006e   Code   RO         2332    i.HAL_DMA_Start_IT  stm32f4xx_hal_dma.o
    0x080027de   0x080027de   0x00000002   PAD
    0x080027e0   0x080027e0   0x000001f0   Code   RO         2215    i.HAL_GPIO_Init     stm32f4xx_hal_gpio.o
    0x080029d0   0x080029d0   0x0000000c   Code   RO         2765    i.HAL_GetTick       stm32f4xx_hal.o
    0x080029dc   0x080029dc   0x00000010   Code   RO         2771    i.HAL_IncTick       stm32f4xx_hal.o
    0x080029ec   0x080029ec   0x00000034   Code   RO         2772    i.HAL_Init          stm32f4xx_hal.o
    0x08002a20   0x08002a20   0x0000008c   Code   RO          392    i.HAL_InitTick      stm32f4xx_hal_timebase_tim.o
    0x08002aac   0x08002aac   0x00000038   Code   RO          343    i.HAL_MspInit       stm32f4xx_hal_msp.o
    0x08002ae4   0x08002ae4   0x0000001a   Code   RO         2607    i.HAL_NVIC_EnableIRQ  stm32f4xx_hal_cortex.o
    0x08002afe   0x08002afe   0x00000002   PAD
    0x08002b00   0x08002b00   0x00000040   Code   RO         2613    i.HAL_NVIC_SetPriority  stm32f4xx_hal_cortex.o
    0x08002b40   0x08002b40   0x00000024   Code   RO         2614    i.HAL_NVIC_SetPriorityGrouping  stm32f4xx_hal_cortex.o
    0x08002b64   0x08002b64   0x00000134   Code   RO         1861    i.HAL_RCC_ClockConfig  stm32f4xx_hal_rcc.o
    0x08002c98   0x08002c98   0x00000040   Code   RO         1865    i.HAL_RCC_GetClockConfig  stm32f4xx_hal_rcc.o
    0x08002cd8   0x08002cd8   0x00000020   Code   RO         1868    i.HAL_RCC_GetPCLK1Freq  stm32f4xx_hal_rcc.o
    0x08002cf8   0x08002cf8   0x00000020   Code   RO         1869    i.HAL_RCC_GetPCLK2Freq  stm32f4xx_hal_rcc.o
    0x08002d18   0x08002d18   0x00000064   Code   RO         1870    i.HAL_RCC_GetSysClockFreq  stm32f4xx_hal_rcc.o
    0x08002d7c   0x08002d7c   0x0000036c   Code   RO         1873    i.HAL_RCC_OscConfig  stm32f4xx_hal_rcc.o
    0x080030e8   0x080030e8   0x00000002   Code   RO         1359    i.HAL_TIMEx_BreakCallback  stm32f4xx_hal_tim_ex.o
    0x080030ea   0x080030ea   0x00000002   Code   RO         1360    i.HAL_TIMEx_CommutCallback  stm32f4xx_hal_tim_ex.o
    0x080030ec   0x080030ec   0x0000005a   Code   RO          655    i.HAL_TIM_Base_Init  stm32f4xx_hal_tim.o
    0x08003146   0x08003146   0x00000002   Code   RO          657    i.HAL_TIM_Base_MspInit  stm32f4xx_hal_tim.o
    0x08003148   0x08003148   0x00000080   Code   RO          660    i.HAL_TIM_Base_Start_IT  stm32f4xx_hal_tim.o
    0x080031c8   0x080031c8   0x00000002   Code   RO          689    i.HAL_TIM_IC_CaptureCallback  stm32f4xx_hal_tim.o
    0x080031ca   0x080031ca   0x00000130   Code   RO          703    i.HAL_TIM_IRQHandler  stm32f4xx_hal_tim.o
    0x080032fa   0x080032fa   0x00000002   Code   RO          706    i.HAL_TIM_OC_DelayElapsedCallback  stm32f4xx_hal_tim.o
    0x080032fc   0x080032fc   0x00000002   Code   RO          733    i.HAL_TIM_PWM_PulseFinishedCallback  stm32f4xx_hal_tim.o
    0x080032fe   0x080032fe   0x00000002   PAD
    0x08003300   0x08003300   0x00000014   Code   RO           14    i.HAL_TIM_PeriodElapsedCallback  main.o
    0x08003314   0x08003314   0x00000002   Code   RO          746    i.HAL_TIM_TriggerCallback  stm32f4xx_hal_tim.o
    0x08003316   0x08003316   0x0000004a   Code   RO         3020    i.HAL_UARTEx_ReceiveToIdle_DMA  stm32f4xx_hal_uart.o
    0x08003360   0x08003360   0x00000004   Code   RO          431    i.HAL_UARTEx_RxEventCallback  launch_controller.o
    0x08003364   0x08003364   0x00000094   Code   RO         3025    i.HAL_UART_AbortReceive  stm32f4xx_hal_uart.o
    0x080033f8   0x080033f8   0x00000004   Code   RO          432    i.HAL_UART_ErrorCallback  launch_controller.o
    0x080033fc   0x080033fc   0x00000064   Code   RO         3040    i.HAL_UART_Init     stm32f4xx_hal_uart.o
    0x08003460   0x08003460   0x000000d0   Code   RO          345    i.HAL_UART_MspInit  stm32f4xx_hal_msp.o
    0x08003530   0x08003530   0x00000002   Code   RO         3046    i.HAL_UART_RxCpltCallback  stm32f4xx_hal_uart.o
    0x08003532   0x08003532   0x00000002   Code   RO         3047    i.HAL_UART_RxHalfCpltCallback  stm32f4xx_hal_uart.o
    0x08003534   0x08003534   0x00000084   Code   RO         3049    i.HAL_UART_Transmit_DMA  stm32f4xx_hal_uart.o
    0x080035b8   0x080035b8   0x00000014   Code   RO          433    i.HAL_UART_TxCpltCallback  launch_controller.o
    0x080035cc   0x080035cc   0x00000002   Code   RO         3052    i.HAL_UART_TxHalfCpltCallback  stm32f4xx_hal_uart.o
    0x080035ce   0x080035ce   0x00000002   Code   RO          259    i.HardFault_Handler  stm32f4xx_it.o
    0x080035d0   0x080035d0   0x0000001c   Code   RO          434    i.LaunchController_Init  launch_controller.o
    0x080035ec   0x080035ec   0x0000039c   Code   RO          435    i.LaunchController_Task  launch_controller.o
    0x08003988   0x08003988   0x00000024   Code   RO          436    i.LaunchController_UartError  launch_controller.o
    0x080039ac   0x080039ac   0x0000005c   Code   RO          437    i.LaunchController_UartRxEvent  launch_controller.o
    0x08003a08   0x08003a08   0x000000b4   Code   RO          438    i.LaunchController_VofaTask  launch_controller.o
    0x08003abc   0x08003abc   0x00000018   Code   RO          570    i.LaunchFirePlanner_Reset  launch_fire_planner.o
    0x08003ad4   0x08003ad4   0x00000064   Code   RO          571    i.LaunchFirePlanner_TargetSpeedRpm  launch_fire_planner.o
    0x08003b38   0x08003b38   0x00000044   Code   RO          572    i.LaunchFirePlanner_Update  launch_fire_planner.o
    0x08003b7c   0x08003b7c   0x00000024   Code   RO          598    i.LaunchMotorBus_Feedback  launch_motor_bus.o
    0x08003ba0   0x08003ba0   0x00000080   Code   RO          599    i.LaunchMotorBus_Init  launch_motor_bus.o
    0x08003c20   0x08003c20   0x00000090   Code   RO          600    i.LaunchMotorBus_Service  launch_motor_bus.o
    0x08003cb0   0x08003cb0   0x00000024   Code   RO          601    i.LaunchMotorBus_SetCommand  launch_motor_bus.o
    0x08003cd4   0x08003cd4   0x00000044   Code   RO           15    i.MX_CAN1_Init      main.o
    0x08003d18   0x08003d18   0x00000044   Code   RO           16    i.MX_CAN2_Init      main.o
    0x08003d5c   0x08003d5c   0x00000002   Code   RO          260    i.MemManage_Handler  stm32f4xx_it.o
    0x08003d5e   0x08003d5e   0x00000002   Code   RO          261    i.NMI_Handler       stm32f4xx_it.o
    0x08003d60   0x08003d60   0x00000008   Code   RO           17    i.StartDefaultTask  main.o
    0x08003d68   0x08003d68   0x0000001a   Code   RO         4521    i.SysTick_Handler   cmsis_os2.o
    0x08003d82   0x08003d82   0x00000002   PAD
    0x08003d84   0x08003d84   0x00000094   Code   RO           18    i.SystemClock_Config  main.o
    0x08003e18   0x08003e18   0x00000010   Code   RO         3374    i.SystemInit        system_stm32f4xx.o
    0x08003e28   0x08003e28   0x0000000c   Code   RO          262    i.TIM1_UP_TIM10_IRQHandler  stm32f4xx_it.o
    0x08003e34   0x08003e34   0x000000d0   Code   RO          748    i.TIM_Base_SetConfig  stm32f4xx_hal_tim.o
    0x08003f04   0x08003f04   0x0000004a   Code   RO         3054    i.UART_DMAError     stm32f4xx_hal_uart.o
    0x08003f4e   0x08003f4e   0x00000086   Code   RO         3055    i.UART_DMAReceiveCplt  stm32f4xx_hal_uart.o
    0x08003fd4   0x08003fd4   0x0000001e   Code   RO         3057    i.UART_DMARxHalfCplt  stm32f4xx_hal_uart.o
    0x08003ff2   0x08003ff2   0x00000042   Code   RO         3059    i.UART_DMATransmitCplt  stm32f4xx_hal_uart.o
    0x08004034   0x08004034   0x0000000a   Code   RO         3061    i.UART_DMATxHalfCplt  stm32f4xx_hal_uart.o
    0x0800403e   0x0800403e   0x0000004e   Code   RO         3063    i.UART_EndRxTransfer  stm32f4xx_hal_uart.o
    0x0800408c   0x0800408c   0x0000001c   Code   RO         3064    i.UART_EndTxTransfer  stm32f4xx_hal_uart.o
    0x080040a8   0x080040a8   0x0000010c   Code   RO         3066    i.UART_SetConfig    stm32f4xx_hal_uart.o
    0x080041b4   0x080041b4   0x000000a0   Code   RO         3067    i.UART_Start_Receive_DMA  stm32f4xx_hal_uart.o
    0x08004254   0x08004254   0x00000002   Code   RO          263    i.UsageFault_Handler  stm32f4xx_it.o
    0x08004256   0x08004256   0x00000020   Code   RO         2620    i.__NVIC_SetPriority  stm32f4xx_hal_cortex.o
    0x08004276   0x08004276   0x00000002   PAD
    0x08004278   0x08004278   0x000000f8   Code   RO         5245    i.__hardfp___mathlib_tofloat  m_wm.l(narrow.o)
    0x08004370   0x08004370   0x000000d0   Code   RO         5475    i.__hardfp_ldexp    m_wm.l(ldexp.o)
    0x08004440   0x08004440   0x00000020   Code   RO         5190    i.__hardfp_strtof   m_wm.l(strtof.o)
    0x08004460   0x08004460   0x00000020   Code   RO         5497    i.__mathlib_dbl_overflow  m_wm.l(dunder.o)
    0x08004480   0x08004480   0x00000020   Code   RO         5499    i.__mathlib_dbl_underflow  m_wm.l(dunder.o)
    0x080044a0   0x080044a0   0x00000012   Code   RO         5246    i.__mathlib_narrow  m_wm.l(narrow.o)
    0x080044b2   0x080044b2   0x00000014   Code   RO         5477    i.__support_ldexp   m_wm.l(ldexp.o)
    0x080044c6   0x080044c6   0x0000000e   Code   RO         5343    i._is_digit         c_w.l(scanf_fp.o)
    0x080044d4   0x080044d4   0x00000034   Code   RO          439    i.begin_rx          launch_controller.o
    0x08004508   0x08004508   0x0000001e   Code   RO          440    i.clamp             launch_controller.o
    0x08004526   0x08004526   0x00000002   PAD
    0x08004528   0x08004528   0x00000030   Code   RO          441    i.command_is        launch_controller.o
    0x08004558   0x08004558   0x0000008c   Code   RO         5333    i.frexp             m_wm.l(frexp.o)
    0x080045e4   0x080045e4   0x00000004   Code   RO          442    i.launch            launch_controller.o
    0x080045e8   0x080045e8   0x0000012c   Code   RO           20    i.main              main.o
    0x08004714   0x08004714   0x00000064   Code   RO          443    i.normalize_command  launch_controller.o
    0x08004778   0x08004778   0x0000001a   Code   RO         4523    i.osDelay           cmsis_os2.o
    0x08004792   0x08004792   0x00000002   PAD
    0x08004794   0x08004794   0x00000024   Code   RO         4537    i.osKernelInitialize  cmsis_os2.o
    0x080047b8   0x080047b8   0x00000038   Code   RO         4540    i.osKernelStart     cmsis_os2.o
    0x080047f0   0x080047f0   0x00000064   Code   RO         4552    i.osMessageQueueGet  cmsis_os2.o
    0x08004854   0x08004854   0x00000058   Code   RO         4557    i.osMessageQueueNew  cmsis_os2.o
    0x080048ac   0x080048ac   0x00000068   Code   RO         4558    i.osMessageQueuePut  cmsis_os2.o
    0x08004914   0x08004914   0x0000008a   Code   RO         4582    i.osThreadNew       cmsis_os2.o
    0x0800499e   0x0800499e   0x00000002   PAD
    0x080049a0   0x080049a0   0x00000018   Code   RO          444    i.pid_reset         launch_controller.o
    0x080049b8   0x080049b8   0x00000090   Code   RO          445    i.pid_update        launch_controller.o
    0x08004a48   0x08004a48   0x00000170   Code   RO          446    i.process_line      launch_controller.o
    0x08004bb8   0x08004bb8   0x00000054   Code   RO          447    i.process_transport_queue  launch_controller.o
    0x08004c0c   0x08004c0c   0x0000005c   Code   RO         3982    i.prvAddCurrentTaskToDelayedList  tasks.o
    0x08004c68   0x08004c68   0x000000d0   Code   RO         3983    i.prvAddNewTaskToReadyList  tasks.o
    0x08004d38   0x08004d38   0x00000058   Code   RO         4347    i.prvCheckForValidListAndQueue  timers.o
    0x08004d90   0x08004d90   0x00000026   Code   RO         3579    i.prvCopyDataFromQueue  queue.o
    0x08004db6   0x08004db6   0x0000006c   Code   RO         3580    i.prvCopyDataToQueue  queue.o
    0x08004e22   0x08004e22   0x00000034   Code   RO         3984    i.prvDeleteTCB      tasks.o
    0x08004e56   0x08004e56   0x00000002   PAD
    0x08004e58   0x08004e58   0x0000004c   Code   RO         5034    i.prvHeapInit       heap_4.o
    0x08004ea4   0x08004ea4   0x00000060   Code   RO         3985    i.prvIdleTask       tasks.o
    0x08004f04   0x08004f04   0x00000022   Code   RO         3582    i.prvInitialiseNewQueue  queue.o
    0x08004f26   0x08004f26   0x00000002   PAD
    0x08004f28   0x08004f28   0x000000b0   Code   RO         3986    i.prvInitialiseNewTask  tasks.o
    0x08004fd8   0x08004fd8   0x0000004c   Code   RO         5035    i.prvInsertBlockIntoFreeList  heap_4.o
    0x08005024   0x08005024   0x00000038   Code   RO         4349    i.prvInsertTimerInActiveList  timers.o
    0x0800505c   0x0800505c   0x0000001c   Code   RO         3583    i.prvIsQueueEmpty   queue.o
    0x08005078   0x08005078   0x000000fc   Code   RO         4350    i.prvProcessReceivedCommands  timers.o
    0x08005174   0x08005174   0x000000c0   Code   RO         4351    i.prvProcessTimerOrBlockTask  timers.o
    0x08005234   0x08005234   0x00000020   Code   RO         3988    i.prvResetNextTaskUnblockTime  tasks.o
    0x08005254   0x08005254   0x00000028   Code   RO         4352    i.prvSampleTimeNow  timers.o
    0x0800527c   0x0800527c   0x0000006c   Code   RO         4353    i.prvSwitchTimerLists  timers.o
    0x080052e8   0x080052e8   0x00000028   Code   RO         5090    i.prvTaskExitError  port.o
    0x08005310   0x08005310   0x00000024   Code   RO         4354    i.prvTimerTask      timers.o
    0x08005334   0x08005334   0x0000006a   Code   RO         3584    i.prvUnlockQueue    queue.o
    0x0800539e   0x0800539e   0x00000002   PAD
    0x080053a0   0x080053a0   0x000000dc   Code   RO         5036    i.pvPortMalloc      heap_4.o
    0x0800547c   0x0800547c   0x0000002c   Code   RO         5091    i.pxPortInitialiseStack  port.o
    0x080054a8   0x080054a8   0x00000054   Code   RO          602    i.send_group        launch_motor_bus.o
    0x080054fc   0x080054fc   0x00000024   Code   RO          448    i.set_all_zero      launch_controller.o
    0x08005520   0x08005520   0x00000026   Code   RO         3539    i.uxListRemove      list.o
    0x08005546   0x08005546   0x00000002   PAD
    0x08005548   0x08005548   0x00000014   Code   RO         4594    i.vApplicationGetIdleTaskMemory  cmsis_os2.o
    0x0800555c   0x0800555c   0x00000018   Code   RO         4595    i.vApplicationGetTimerTaskMemory  cmsis_os2.o
    0x08005574   0x08005574   0x00000016   Code   RO         3540    i.vListInitialise   list.o
    0x0800558a   0x0800558a   0x00000006   Code   RO         3541    i.vListInitialiseItem  list.o
    0x08005590   0x08005590   0x00000030   Code   RO         3542    i.vListInsert       list.o
    0x080055c0   0x080055c0   0x00000018   Code   RO         3543    i.vListInsertEnd    list.o
    0x080055d8   0x080055d8   0x00000040   Code   RO         5093    i.vPortEnterCritical  port.o
    0x08005618   0x08005618   0x00000028   Code   RO         5094    i.vPortExitCritical  port.o
    0x08005640   0x08005640   0x00000064   Code   RO         5037    i.vPortFree         heap_4.o
    0x080056a4   0x080056a4   0x00000024   Code   RO         5095    i.vPortSetupTimerInterrupt  port.o
    0x080056c8   0x080056c8   0x00000054   Code   RO         5096    i.vPortValidateInterruptPriority  port.o
    0x0800571c   0x0800571c   0x00000028   Code   RO         3590    i.vQueueAddToRegistry  queue.o
    0x08005744   0x08005744   0x00000044   Code   RO         3594    i.vQueueWaitForMessageRestricted  queue.o
    0x08005788   0x08005788   0x0000004c   Code   RO         4001    i.vTaskDelay        tasks.o
    0x080057d4   0x080057d4   0x00000010   Code   RO         4006    i.vTaskInternalSetTimeOutState  tasks.o
    0x080057e4   0x080057e4   0x0000000c   Code   RO         4007    i.vTaskMissedYield  tasks.o
    0x080057f0   0x080057f0   0x00000030   Code   RO         4009    i.vTaskPlaceOnEventList  tasks.o
    0x08005820   0x08005820   0x00000038   Code   RO         4010    i.vTaskPlaceOnEventListRestricted  tasks.o
    0x08005858   0x08005858   0x00000088   Code   RO         4018    i.vTaskStartScheduler  tasks.o
    0x080058e0   0x080058e0   0x00000010   Code   RO         4020    i.vTaskSuspendAll   tasks.o
    0x080058f0   0x080058f0   0x00000064   Code   RO         4021    i.vTaskSwitchContext  tasks.o
    0x08005954   0x08005954   0x00000004   Code   RO          449    i.vofa              launch_controller.o
    0x08005958   0x08005958   0x000000f4   Code   RO         5097    i.xPortStartScheduler  port.o
    0x08005a4c   0x08005a4c   0x0000002c   Code   RO         5098    i.xPortSysTickHandler  port.o
    0x08005a78   0x08005a78   0x00000042   Code   RO         3599    i.xQueueGenericCreate  queue.o
    0x08005aba   0x08005aba   0x00000066   Code   RO         3600    i.xQueueGenericCreateStatic  queue.o
    0x08005b20   0x08005b20   0x00000088   Code   RO         3601    i.xQueueGenericReset  queue.o
    0x08005ba8   0x08005ba8   0x00000160   Code   RO         3602    i.xQueueGenericSend  queue.o
    0x08005d08   0x08005d08   0x000000be   Code   RO         3603    i.xQueueGenericSendFromISR  queue.o
    0x08005dc6   0x08005dc6   0x00000002   PAD
    0x08005dc8   0x08005dc8   0x00000138   Code   RO         3612    i.xQueueReceive     queue.o
    0x08005f00   0x08005f00   0x0000009a   Code   RO         3613    i.xQueueReceiveFromISR  queue.o
    0x08005f9a   0x08005f9a   0x00000002   PAD
    0x08005f9c   0x08005f9c   0x00000074   Code   RO         4023    i.xTaskCheckForTimeOut  tasks.o
    0x08006010   0x08006010   0x0000005a   Code   RO         4024    i.xTaskCreate       tasks.o
    0x0800606a   0x0800606a   0x00000056   Code   RO         4025    i.xTaskCreateStatic  tasks.o
    0x080060c0   0x080060c0   0x0000001c   Code   RO         4029    i.xTaskGetSchedulerState  tasks.o
    0x080060dc   0x080060dc   0x0000000c   Code   RO         4030    i.xTaskGetTickCount  tasks.o
    0x080060e8   0x080060e8   0x000000c8   Code   RO         4032    i.xTaskIncrementTick  tasks.o
    0x080061b0   0x080061b0   0x00000080   Code   RO         4035    i.xTaskPriorityDisinherit  tasks.o
    0x08006230   0x08006230   0x00000070   Code   RO         4037    i.xTaskRemoveFromEventList  tasks.o
    0x080062a0   0x080062a0   0x000000c4   Code   RO         4038    i.xTaskResumeAll    tasks.o
    0x08006364   0x08006364   0x00000060   Code   RO         4363    i.xTimerCreateTimerTask  timers.o
    0x080063c4   0x080063c4   0x00000068   Code   RO         4364    i.xTimerGenericCommand  timers.o
    0x0800642c   0x0800642c   0x0000002c   Code   RO         5243    locale$$code        c_w.l(lc_ctype_c.o)
    0x08006458   0x08006458   0x0000002c   Code   RO         5262    locale$$code        c_w.l(lc_numeric_c.o)
    0x08006484   0x08006484   0x00000062   Code   RO         5321    x$fpl$d2f           fz_wm.l(d2f.o)
    0x080064e6   0x080064e6   0x00000002   PAD
    0x080064e8   0x080064e8   0x00000010   Code   RO         5514    x$fpl$dcheck1       fz_wm.l(dcheck1.o)
    0x080064f8   0x080064f8   0x00000018   Code   RO         5351    x$fpl$dcmpinf       fz_wm.l(dcmpi.o)
    0x08006510   0x08006510   0x00000078   Code   RO         5323    x$fpl$deqf          fz_wm.l(deqf.o)
    0x08006588   0x08006588   0x00000078   Code   RO         5353    x$fpl$dleqf         fz_wm.l(dleqf.o)
    0x08006600   0x08006600   0x00000154   Code   RO         5355    x$fpl$dmul          fz_wm.l(dmul.o)
    0x08006754   0x08006754   0x0000009c   Code   RO         5357    x$fpl$dnaninf       fz_wm.l(dnaninf.o)
    0x080067f0   0x080067f0   0x0000000c   Code   RO         5405    x$fpl$dretinf       fz_wm.l(dretinf.o)
    0x080067fc   0x080067fc   0x0000006c   Code   RO         5325    x$fpl$drleqf        fz_wm.l(drleqf.o)
    0x08006868   0x08006868   0x0000000a   Code   RO         5359    x$fpl$fpinit        fz_wm.l(fpinit.o)
    0x08006872   0x08006872   0x0000000a   Code   RO         5361    x$fpl$fretinf       fz_wm.l(fretinf.o)
    0x0800687c   0x0800687c   0x00000006   Code   RO         5327    x$fpl$ieeestatus    fz_wm.l(istatus.o)
    0x08006882   0x08006882   0x00000064   Code   RO         5520    x$fpl$retnan        fz_wm.l(retnan.o)
    0x080068e6   0x080068e6   0x0000005c   Code   RO         5491    x$fpl$scalbn        fz_wm.l(scalbn.o)
    0x08006942   0x08006942   0x00000004   Code   RO         5329    x$fpl$scanf1        fz_wm.l(scanf1.o)
    0x08006946   0x08006946   0x00000008   Code   RO         5411    x$fpl$scanf2        fz_wm.l(scanf2.o)
    0x0800694e   0x0800694e   0x00000030   Code   RO         5522    x$fpl$trapveneer    fz_wm.l(trapv.o)
    0x0800697e   0x0800697e   0x00000000   Code   RO         5212    x$fpl$usenofp       fz_wm.l(usenofp.o)
    0x0800697e   0x0800697e   0x00000002   PAD
    0x08006980   0x08006980   0x00000084   Data   RO           25    .constdata          main.o
    0x08006a04   0x08006a04   0x00000004   Data   RO          451    .constdata          launch_controller.o
    0x08006a08   0x08006a08   0x00000008   Data   RO         2334    .constdata          stm32f4xx_hal_dma.o
    0x08006a10   0x08006a10   0x00000010   Data   RO         3375    .constdata          system_stm32f4xx.o
    0x08006a20   0x08006a20   0x00000008   Data   RO         3376    .constdata          system_stm32f4xx.o
    0x08006a28   0x08006a28   0x00000094   Data   RO         5373    .constdata          c_w.l(bigflt0.o)
    0x08006abc   0x08006abc   0x0000002e   Data   RO           26    .conststring        main.o
    0x08006aea   0x08006aea   0x00000002   PAD
    0x08006aec   0x08006aec   0x00000020   Data   RO         5524    Region$$Table       anon$$obj.o
    0x08006b0c   0x08006b0c   0x00000008   Data   RO         5407    c$$dinf             fz_wm.l(fpconst.o)
    0x08006b14   0x08006b14   0x00000008   Data   RO         5410    c$$dmax             fz_wm.l(fpconst.o)
    0x08006b1c   0x08006b1c   0x00000110   Data   RO         5242    locale$$data        c_w.l(lc_ctype_c.o)
    0x08006c2c   0x08006c2c   0x0000001c   Data   RO         5261    locale$$data        c_w.l(lc_numeric_c.o)


    Execution Region RW_IRAM1 (Exec base: 0x20000000, Load base: 0x08006c48, Size: 0x000053d0, Max: 0x0001c000, ABSOLUTE, COMPRESSED[0x0000002c])

    Exec Addr    Load Addr    Size         Type   Attr      Idx    E Section Name        Object

    0x20000000   COMPRESSED   0x00000010   Data   RW           27    .data               main.o
    0x20000010   COMPRESSED   0x00000004   Data   RW          346    .data               stm32f4xx_hal_msp.o
    0x20000014   COMPRESSED   0x0000008c   Data   RW          452    .data               launch_controller.o
    0x200000a0   COMPRESSED   0x00000008   Data   RW          604    .data               launch_motor_bus.o
    0x200000a8   COMPRESSED   0x0000000c   Data   RW         2779    .data               stm32f4xx_hal.o
    0x200000b4   COMPRESSED   0x00000004   Data   RW         3377    .data               system_stm32f4xx.o
    0x200000b8   COMPRESSED   0x0000003c   Data   RW         4041    .data               tasks.o
    0x200000f4   COMPRESSED   0x00000014   Data   RW         4372    .data               timers.o
    0x20000108   COMPRESSED   0x00000004   Data   RW         4597    .data               cmsis_os2.o
    0x2000010c   COMPRESSED   0x00000020   Data   RW         5043    .data               heap_4.o
    0x2000012c   COMPRESSED   0x0000000c   Data   RW         5099    .data               port.o
    0x20000138        -       0x00000098   Zero   RW           22    .bss                main.o
    0x200001d0        -       0x00000060   Zero   RW           23    .bss                main.o
    0x20000230        -       0x00000060   Zero   RW           24    .bss                main.o
    0x20000290        -       0x00000048   Zero   RW          395    .bss                stm32f4xx_hal_timebase_tim.o
    0x200002d8        -       0x000000a0   Zero   RW          450    .bss                launch_controller.o
    0x20000378        -       0x00000120   Zero   RW          603    .bss                launch_motor_bus.o
    0x20000498        -       0x00000040   Zero   RW         3616    .bss                queue.o
    0x200004d8        -       0x000004c4   Zero   RW         4040    .bss                tasks.o
    0x2000099c        -       0x00000118   Zero   RW         4371    .bss                timers.o
    0x20000ab4        -       0x000006b8   Zero   RW         4596    .bss                cmsis_os2.o
    0x2000116c        -       0x00003c00   Zero   RW         5042    .bss                heap_4.o
    0x20004d6c        -       0x00000060   Zero   RW         5214    .bss                c_w.l(libspace.o)
    0x20004dcc   COMPRESSED   0x00000004   PAD
    0x20004dd0        -       0x00000200   Zero   RW            2    HEAP                startup_stm32f405xx.o
    0x20004fd0        -       0x00000400   Zero   RW            1    STACK               startup_stm32f405xx.o


    Execution Region RW_IRAM2 (Exec base: 0x2001c000, Load base: 0x08006c74, Size: 0x00000000, Max: 0x00004000, ABSOLUTE)

    **** No section assigned to this execution region ****


==============================================================================

Image component sizes


      Code (inc. data)   RO Data    RW Data    ZI Data      Debug   Object Name

       618         30          0          4       1720      68463   cmsis_os2.o
         0          0          0          0          0      19548   event_groups.o
       472         24          0         32      15360       4903   heap_4.o
      2182        276          4        140        160      16380   launch_controller.o
       192         28          0          0          0       2848   launch_fire_planner.o
       572         42          0          8        288       5537   launch_motor_bus.o
       138          0          0          0          0       3582   list.o
       616         64        178         16        344     668738   main.o
       786         82          0         12          0      11513   port.o
      1734         20          0          0         64      19953   queue.o
        64         26        392          0       1536        844   startup_stm32f405xx.o
        80         14          0         12          0       8090   stm32f4xx_hal.o
      1736          6          0          0          0      15882   stm32f4xx_hal_can.o
       158         14          0          0          0      33066   stm32f4xx_hal_cortex.o
      1052         16          8          0          0       7290   stm32f4xx_hal_dma.o
       496         46          0          0          0       1532   stm32f4xx_hal_gpio.o
       484         56          0          4          0       2885   stm32f4xx_hal_msp.o
      1412         86          0          0          0       5921   stm32f4xx_hal_rcc.o
       740         72          0          0          0       7512   stm32f4xx_hal_tim.o
         4          0          0          0          0       1633   stm32f4xx_hal_tim_ex.o
       140         20          0          0         72       1435   stm32f4xx_hal_timebase_tim.o
      1308         36          0          0          0      11738   stm32f4xx_hal_uart.o
        72         30          0          0          0       5188   stm32f4xx_it.o
         0          0          0          0          0        456   stream_buffer.o
        16          4         24          4          0       1127   system_stm32f4xx.o
      2084        168          0         60       1220      26968   tasks.o
       972         80          0         20        280      32215   timers.o

    ----------------------------------------------------------------------
     18168       1240        640        312      21044     985247   Object Totals
         0          0         32          0          0          0   (incl. Generated)
        40          0          2          0          0          0   (incl. Padding)

    ----------------------------------------------------------------------

      Code (inc. data)   RO Data    RW Data    ZI Data      Debug   Library Member Name

        90          0          0          0          0          0   __dczerorl2.o
         8          0          0          0          0         68   __main.o
         0          0          0          0          0          0   __rtentry.o
        12          0          0          0          0          0   __rtentry2.o
         6          0          0          0          0          0   __rtentry4.o
        52          8          0          0          0          0   __scatter.o
        28          0          0          0          0          0   __scatter_zi.o
        28          0          0          0          0         68   _chval.o
        22          0          0          0          0        100   _rserrno.o
        64          0          0          0          0         84   _sgetc.o
       158          0          0          0          0         92   _strtoul.o
        16          0          0          0          0         68   aeabi_memset.o
       228          4        148          0          0         96   bigflt0.o
      1924        136          0          0          0        756   btod.o
        18          0          0          0          0         80   exit.o
         6          0          0          0          0        152   heapauxi.o
         0          0          0          0          0          0   indicate_semi.o
        18          0          0          0          0         76   isspace.o
        44         10        272          0          0         76   lc_ctype_c.o
        44         10         28          0          0         76   lc_numeric_c.o
         2          0          0          0          0          0   libinit.o
        34          0          0          0          0          0   libinit2.o
         2          0          0          0          0          0   libshutdown.o
         2          0          0          0          0          0   libshutdown2.o
         8          4          0          0         96         68   libspace.o
        38          0          0          0          0         68   llshl.o
       238          0          0          0          0        100   lludivv7m.o
        16          4          0          0          0         76   rt_ctype_table.o
         8          4          0          0          0         68   rt_errno_addr_intlibspace.o
         8          4          0          0          0         68   rt_locale_intlibspace.o
        68          0          0          0          0         68   rt_memclr.o
        78          0          0          0          0         80   rt_memclr_w.o
       138          0          0          0          0         68   rt_memcpy_v6.o
       100          0          0          0          0         80   rt_memcpy_w.o
         2          0          0          0          0          0   rtexit.o
        10          0          0          0          0          0   rtexit2.o
      1286         16          0          0          0        236   scanf_fp.o
       800         14          0          0          0        100   scanf_hexfp.o
       308         16          0          0          0        100   scanf_infnan.o
       128          0          0          0          0         68   strcmpv7m.o
       164         14          0          0          0        120   strtod.o
        26          0          0          0          0         80   strtof.o
       114          0          0          0          0         92   strtoul.o
        12          4          0          0          0         68   sys_exit.o
        74          0          0          0          0         80   sys_stackheap_outer.o
         2          0          0          0          0         68   use_no_semi.o
        98          4          0          0          0        140   d2f.o
        16          4          0          0          0        116   dcheck1.o
        24          0          0          0          0        116   dcmpi.o
       120          4          0          0          0        140   deqf.o
       120          4          0          0          0        140   dleqf.o
       340         12          0          0          0        152   dmul.o
       156          4          0          0          0        140   dnaninf.o
        12          0          0          0          0        116   dretinf.o
       108          0          0          0          0        128   drleqf.o
         0          0         16          0          0          0   fpconst.o
        10          0          0          0          0        116   fpinit.o
        10          0          0          0          0        116   fretinf.o
         6          0          0          0          0        116   istatus.o
       100          0          0          0          0        116   retnan.o
        92          0          0          0          0        116   scalbn.o
         4          0          0          0          0        116   scanf1.o
         8          0          0          0          0        132   scanf2.o
        48          0          0          0          0        116   trapv.o
         0          0          0          0          0          0   usenofp.o
        64         16          0          0          0        248   dunder.o
       140         22          0          0          0        132   frexp.o
       228          8          0          0          0        308   ldexp.o
       266         16          0          0          0        308   narrow.o
        32          6          0          0          0        124   strtof.o

    ----------------------------------------------------------------------
      8448        350        464          0        100       6800   Library Totals
        14          2          0          0          4          0   (incl. Padding)

    ----------------------------------------------------------------------

      Code (inc. data)   RO Data    RW Data    ZI Data      Debug   Library Name

      6432        248        448          0         96       3548   c_w.l
      1272         32         16          0          0       2132   fz_wm.l
       730         68          0          0          0       1120   m_wm.l

    ----------------------------------------------------------------------
      8448        350        464          0        100       6800   Library Totals

    ----------------------------------------------------------------------

==============================================================================


      Code (inc. data)   RO Data    RW Data    ZI Data      Debug   

     26616       1590       1104        312      21144     969223   Grand Totals
     26616       1590       1104         44      21144     969223   ELF Image Totals (compressed)
     26616       1590       1104         44          0          0   ROM Totals

==============================================================================

    Total RO  Size (Code + RO Data)                27720 (  27.07kB)
    Total RW  Size (RW Data + ZI Data)             21456 (  20.95kB)
    Total ROM Size (Code + RO Data + RW Data)      27764 (  27.11kB)

==============================================================================

